Archive member included to satisfy reference by file (symbol)

d:/atmel/7.0/toolchain/avr8/avr8-gnu-toolchain/bin/../lib/gcc/avr/5.4.0/../../../../avr/lib/avr6\libm.a(addsf3.o)
                              src/libraries/DHT_sensor_library/DHT.o (__subsf3)
d:/atmel/7.0/toolchain/avr8/avr8-gnu-toolchain/bin/../lib/gcc/avr/5.4.0/../../../../avr/lib/avr6\libm.a(addsf3x.o)
                              d:/atmel/7.0/toolchain/avr8/avr8-gnu-toolchain/bin/../lib/gcc/avr/5.4.0/../../../../avr/lib/avr6\libm.a(addsf3.o) (__addsf3x)
d:/atmel/7.0/toolchain/avr8/avr8-gnu-toolchain/bin/../lib/gcc/avr/5.4.0/../../../../avr/lib/avr6\libm.a(cmpsf2.o)
                              src/libraries/DHT_sensor_library/DHT.o (__ltsf2)
d:/atmel/7.0/toolchain/avr8/avr8-gnu-toolchain/bin/../lib/gcc/avr/5.4.0/../../../../avr/lib/avr6\libm.a(floatsisf.o)
                              src/libraries/DHT_sensor_library/DHT.o (__floatunsisf)
d:/atmel/7.0/toolchain/avr8/avr8-gnu-toolchain/bin/../lib/gcc/avr/5.4.0/../../../../avr/lib/avr6\libm.a(fp_cmp.o)
                              d:/atmel/7.0/toolchain/avr8/avr8-gnu-toolchain/bin/../lib/gcc/avr/5.4.0/../../../../avr/lib/avr6\libm.a(cmpsf2.o) (__fp_cmp)
d:/atmel/7.0/toolchain/avr8/avr8-gnu-toolchain/bin/../lib/gcc/avr/5.4.0/../../../../avr/lib/avr6\libm.a(fp_inf.o)
                              d:/atmel/7.0/toolchain/avr8/avr8-gnu-toolchain/bin/../lib/gcc/avr/5.4.0/../../../../avr/lib/avr6\libm.a(addsf3x.o) (__fp_inf)
d:/atmel/7.0/toolchain/avr8/avr8-gnu-toolchain/bin/../lib/gcc/avr/5.4.0/../../../../avr/lib/avr6\libm.a(fp_nan.o)
                              d:/atmel/7.0/toolchain/avr8/avr8-gnu-toolchain/bin/../lib/gcc/avr/5.4.0/../../../../avr/lib/avr6\libm.a(addsf3x.o) (__fp_nan)
d:/atmel/7.0/toolchain/avr8/avr8-gnu-toolchain/bin/../lib/gcc/avr/5.4.0/../../../../avr/lib/avr6\libm.a(fp_pscA.o)
                              d:/atmel/7.0/toolchain/avr8/avr8-gnu-toolchain/bin/../lib/gcc/avr/5.4.0/../../../../avr/lib/avr6\libm.a(addsf3x.o) (__fp_pscA)
d:/atmel/7.0/toolchain/avr8/avr8-gnu-toolchain/bin/../lib/gcc/avr/5.4.0/../../../../avr/lib/avr6\libm.a(fp_pscB.o)
                              d:/atmel/7.0/toolchain/avr8/avr8-gnu-toolchain/bin/../lib/gcc/avr/5.4.0/../../../../avr/lib/avr6\libm.a(addsf3x.o) (__fp_pscB)
d:/atmel/7.0/toolchain/avr8/avr8-gnu-toolchain/bin/../lib/gcc/avr/5.4.0/../../../../avr/lib/avr6\libm.a(fp_round.o)
                              d:/atmel/7.0/toolchain/avr8/avr8-gnu-toolchain/bin/../lib/gcc/avr/5.4.0/../../../../avr/lib/avr6\libm.a(addsf3.o) (__fp_round)
d:/atmel/7.0/toolchain/avr8/avr8-gnu-toolchain/bin/../lib/gcc/avr/5.4.0/../../../../avr/lib/avr6\libm.a(fp_split3.o)
                              d:/atmel/7.0/toolchain/avr8/avr8-gnu-toolchain/bin/../lib/gcc/avr/5.4.0/../../../../avr/lib/avr6\libm.a(addsf3x.o) (__fp_split3)
d:/atmel/7.0/toolchain/avr8/avr8-gnu-toolchain/bin/../lib/gcc/avr/5.4.0/../../../../avr/lib/avr6\libm.a(fp_zero.o)
                              d:/atmel/7.0/toolchain/avr8/avr8-gnu-toolchain/bin/../lib/gcc/avr/5.4.0/../../../../avr/lib/avr6\libm.a(addsf3x.o) (__fp_zero)
d:/atmel/7.0/toolchain/avr8/avr8-gnu-toolchain/bin/../lib/gcc/avr/5.4.0/../../../../avr/lib/avr6\libm.a(gesf2.o)
                              src/libraries/DHT_sensor_library/DHT.o (__gesf2)
d:/atmel/7.0/toolchain/avr8/avr8-gnu-toolchain/bin/../lib/gcc/avr/5.4.0/../../../../avr/lib/avr6\libm.a(mulsf3.o)
                              src/libraries/DHT_sensor_library/DHT.o (__mulsf3)
d:/atmel/7.0/toolchain/avr8/avr8-gnu-toolchain/bin/../lib/gcc/avr/5.4.0/../../../../avr/lib/avr6\libm.a(mulsf3x.o)
                              d:/atmel/7.0/toolchain/avr8/avr8-gnu-toolchain/bin/../lib/gcc/avr/5.4.0/../../../../avr/lib/avr6\libm.a(mulsf3.o) (__mulsf3x)
d:/atmel/7.0/toolchain/avr8/avr8-gnu-toolchain/bin/../lib/gcc/avr/5.4.0/../../../../avr/lib/avr6\libm.a(sqrt.o)
                              src/libraries/DHT_sensor_library/DHT.o (sqrt)
d:/atmel/7.0/toolchain/avr8/avr8-gnu-toolchain/bin/../lib/gcc/avr/5.4.0/../../../../avr/lib/avr6\libm.a(unordsf2.o)
                              DHT11/OwnDHT11.o (__unordsf2)
d:/atmel/7.0/toolchain/avr8/avr8-gnu-toolchain/bin/../lib/gcc/avr/5.4.0/../../../../avr/lib/avr6\libm.a(fp_mpack.o)
                              d:/atmel/7.0/toolchain/avr8/avr8-gnu-toolchain/bin/../lib/gcc/avr/5.4.0/../../../../avr/lib/avr6\libm.a(sqrt.o) (__fp_mpack)
d:/atmel/7.0/toolchain/avr8/avr8-gnu-toolchain/bin/../lib/gcc/avr/5.4.0/../../../../avr/lib/avr6\libm.a(fp_norm2.o)
                              d:/atmel/7.0/toolchain/avr8/avr8-gnu-toolchain/bin/../lib/gcc/avr/5.4.0/../../../../avr/lib/avr6\libm.a(sqrt.o) (__fp_norm2)
D:\Skole\H3\Controller\SmartHouse\SmartHouse\ArduinoCore\Debug\libArduinoCore.a(abi.o)
                              src/libraries/Adafruit_GFX_Library/Adafruit_GFX.o (__cxa_pure_virtual)
D:\Skole\H3\Controller\SmartHouse\SmartHouse\ArduinoCore\Debug\libArduinoCore.a(HardwareSerial.o)
[...]
Memory Configuration

Name             Origin             Length             Attributes
text             0x00000000         0x00040000         xr
data             0x00800200         0x00002000         rw !x
eeprom           0x00810000         0x00001000         rw !x
fuse             0x00820000         0x00000003         rw !x
lock             0x00830000         0x00000400         rw !x
signature        0x00840000         0x00000400         rw !x
user_signatures  0x00850000         0x00000400         rw !x
*default*        0x00000000         0xffffffff

Linker script and memory map

Address of section .data set to 0x800200
LOAD D:/Atmel/7.0/Packs/atmel/ATmega_DFP/1.6.364/gcc/dev/atmega2560/avr6/crtatmega2560.o
LOAD AtomicClock/AtomicClock.o
LOAD DHT11/OwnDHT11.o
LOAD DisplayOnLC/DisplayOnLC.o
LOAD KeypadSystem/KeypadSystem.o
LOAD main.o
LOAD MenuSystem/MenuSystem.o
LOAD OLED/DisplayOnOLED.o
LOAD RFScanner/RRScanner.o
LOAD src/libraries/Adafruit_BusIO/Adafruit_BusIO_Register.o
LOAD src/libraries/Adafruit_BusIO/Adafruit_I2CDevice.o
LOAD src/libraries/Adafruit_BusIO/Adafruit_SPIDevice.o
LOAD src/libraries/Adafruit_GFX_Library/Adafruit_GFX.o
LOAD src/libraries/Adafruit_GFX_Library/Adafruit_GrayOLED.o
LOAD src/libraries/Adafruit_GFX_Library/Adafruit_SPITFT.o
LOAD src/libraries/Adafruit_GFX_Library/examples/GFXcanvas/GFXcanvasSerialDemo.o
LOAD src/libraries/Adafruit_GFX_Library/fontconvert/fontconvert.o
LOAD src/libraries/Adafruit_GFX_Library/glcdfont.o
LOAD src/libraries/Adafruit_SSD1306/Adafruit_SSD1306.o
LOAD src/libraries/Adafruit_Unified_Sensor/Adafruit_Sensor.o
LOAD src/libraries/DHT_sensor_library/DHT.o
LOAD src/libraries/DHT_sensor_library/DHT_U.o
LOAD src/libraries/DS3231/DS3231.o
LOAD src/libraries/Keypad/src/Key.o
LOAD src/libraries/Keypad/src/Keypad.o
LOAD src/libraries/LiquidCrystal/src/LiquidCrystal.o
LOAD src/libraries/MFRC522/src/MFRC522.o
LOAD src/libraries/MFRC522/src/MFRC522Extended.o
LOAD src/libraries/Servo/src/avr/Servo.o
LOAD src/libraries/Servo/src/mbed/Servo.o
LOAD src/libraries/Servo/src/megaavr/Servo.o
LOAD src/libraries/Servo/src/nrf52/Servo.o
LOAD src/libraries/Servo/src/samd/Servo.o
LOAD src/libraries/Servo/src/sam/Servo.o
LOAD src/libraries/Servo/src/stm32f4/Servo.o
LOAD src/libraries/SPI/src/SPI.o
LOAD src/libraries/TimerOne/TimerOne.o
LOAD src/libraries/Wire/src/utility/twi.o
LOAD src/libraries/Wire/src/Wire.o
START GROUP
LOAD d:/atmel/7.0/toolchain/avr8/avr8-gnu-toolchain/bin/../lib/gcc/avr/5.4.0/../../../../avr/lib/avr6\libm.a
LOAD D:\Skole\H3\Controller\SmartHouse\SmartHouse\ArduinoCore\Debug\libArduinoCore.a
END GROUP
LOAD d:/atmel/7.0/toolchain/avr8/avr8-gnu-toolchain/bin/../lib/gcc/avr/5.4.0/avr6\libgcc.a
LOAD d:/atmel/7.0/toolchain/avr8/avr8-gnu-toolchain/bin/../lib/gcc/avr/5.4.0/../../../../avr/lib/avr6\libm.a
START GROUP
LOAD d:/atmel/7.0/toolchain/avr8/avr8-gnu-toolchain/bin/../lib/gcc/avr/5.4.0/avr6\libgcc.a
LOAD d:/atmel/7.0/toolchain/avr8/avr8-gnu-toolchain/bin/../lib/gcc/avr/5.4.0/../../../../avr/lib/avr6\libm.a
LOAD d:/atmel/7.0/toolchain/avr8/avr8-gnu-toolchain/bin/../lib/gcc/avr/5.4.0/../../../../avr/lib/avr6\libc.a
LOAD D:/Atmel/7.0/Packs/atmel/ATmega_DFP/1.6.364/gcc/dev/atmega2560/avr6\libatmega2560.a
END GROUP
                0x00000000                __TEXT_REGION_ORIGIN__ = DEFINED (__TEXT_REGION_ORIGIN__)?__TEXT_REGION_ORIGIN__:0x0
                [0x00800200]                __DATA_REGION_ORIGIN__ = DEFINED (__DATA_REGION_ORIGIN__)?__DATA_REGION_ORIGIN__:0x800200
                [0x00040000]                __TEXT_REGION_LENGTH__ = DEFINED (__TEXT_REGION_LENGTH__)?__TEXT_REGION_LENGTH__:0x100000
                [0x00002000]                __DATA_REGION_LENGTH__ = DEFINED (__DATA_REGION_LENGTH__)?__DATA_REGION_LENGTH__:0xfe00
                [0x00001000]                __EEPROM_REGION_LENGTH__ = DEFINED (__EEPROM_REGION_LENGTH__)?__EEPROM_REGION_LENGTH__:0x10000
                [0x00000003]                __FUSE_REGION_LENGTH__ = DEFINED (__FUSE_REGION_LENGTH__)?__FUSE_REGION_LENGTH__:0x400
                0x00000400                __LOCK_REGION_LENGTH__ = DEFINED (__LOCK_REGION_LENGTH__)?__LOCK_REGION_LENGTH__:0x400
                0x00000400                __SIGNATURE_REGION_LENGTH__ = DEFINED (__SIGNATURE_REGION_LENGTH__)?__SIGNATURE_REGION_LENGTH__:0x400
                0x00000400                __USER_SIGNATURE_REGION_LENGTH__ = DEFINED (__USER_SIGNATURE_REGION_LENGTH__)?__USER_SIGNATURE_REGION_LENGTH__:0x400

.hash
 *(.hash)

.dynsym
 *(.dynsym)

.dynstr
 *(.dynstr)

.gnu.version
 *(.gnu.version)

.gnu.version_d
 *(.gnu.version_d)

.gnu.version_r
 *(.gnu.version_r)

.rel.init
 *(.rel.init)

.rela.init
 *(.rela.init)

.rel.text
 *(.rel.text)
 *(.rel.text.*)
 *(.rel.gnu.linkonce.t*)

.rela.text
 *(.rela.text)
 *(.rela.text.*)
 *(.rela.gnu.linkonce.t*)

.rel.fini
 *(.rel.fini)

.rela.fini
 *(.rela.fini)

.rel.rodata
 *(.rel.rodata)
 *(.rel.rodata.*)
 *(.rel.gnu.linkonce.r*)

.rela.rodata
 *(.rela.rodata)
 *(.rela.rodata.*)
 *(.rela.gnu.linkonce.r*)

.rel.data
 *(.rel.data)
 *(.rel.data.*)
 *(.rel.gnu.linkonce.d*)

.rela.data
 *(.rela.data)
 *(.rela.data.*)
 *(.rela.gnu.linkonce.d*)

.rel.ctors
 *(.rel.ctors)

.rela.ctors
 *(.rela.ctors)

.rel.dtors
 *(.rel.dtors)

.rela.dtors
 *(.rela.dtors)

.rel.got
 *(.rel.got)

.rela.got
 *(.rela.got)

.rel.bss
 *(.rel.bss)

.rela.bss
 *(.rela.bss)

.rel.plt
 *(.rel.plt)

.rela.plt
 *(.rela.plt)

.text           0x00000000     0x87da
 *(.vectors)
 .vectors       0x00000000       0xe4 D:/Atmel/7.0/Packs/atmel/ATmega_DFP/1.6.364/gcc/dev/atmega2560/avr6/crtatmega2560.o
                0x00000000                __vector_default
                0x00000000                __vectors
 *(.vectors)
 *(.progmem.gcc*)
 .progmem.gcc_sw_table.attachInterrupt
                0x000000e4        0xe D:\Skole\H3\Controller\SmartHouse\SmartHouse\ArduinoCore\Debug\libArduinoCore.a(WInterrupts.o)
 .progmem.gcc_sw_table.analogWrite
                0x000000f2       0x24 D:\Skole\H3\Controller\SmartHouse\SmartHouse\ArduinoCore\Debug\libArduinoCore.a(wiring_analog.o)
 .progmem.gcc_sw_table.turnOffPWM
                0x00000116       0x24 D:\Skole\H3\Controller\SmartHouse\SmartHouse\ArduinoCore\Debug\libArduinoCore.a(wiring_digital.o)
                0x0000013a                . = ALIGN (0x2)
                0x0000013a                __trampolines_start = .
 *(.trampolines)
 .trampolines   0x0000013a        0x0 linker stubs
 *(.trampolines*)
                0x0000013a                __trampolines_end = .
 *libprintf_flt.a:*(.progmem.data)
 *libc.a:*(.progmem.data)
 .progmem.data  0x0000013a       0xfa d:/atmel/7.0/toolchain/avr8/avr8-gnu-toolchain/bin/../lib/gcc/avr/5.4.0/../../../../avr/lib/avr6\libc.a(ftoa_engine.o)
 *(.progmem*)
 .progmem.data._ZL4font
                0x00000234      0x500 src/libraries/Adafruit_GFX_Library/Adafruit_GFX.o
 .progmem.data._ZZN16Adafruit_SSD13067displayEvE6dlist1
                0x00000734        0x5 src/libraries/Adafruit_SSD1306/Adafruit_SSD1306.o
 .progmem.data._ZZN16Adafruit_SSD130621drawFastVLineInternalEiiijE8postmask
                0x00000739        0x8 src/libraries/Adafruit_SSD1306/Adafruit_SSD1306.o
 .progmem.data._ZZN16Adafruit_SSD130621drawFastVLineInternalEiiijE7premask
                0x00000741        0x8 src/libraries/Adafruit_SSD1306/Adafruit_SSD1306.o
 .progmem.data._ZZN16Adafruit_SSD13065beginEhhbbE5init5
                0x00000749        0x6 src/libraries/Adafruit_SSD1306/Adafruit_SSD1306.o
 .progmem.data._ZZN16Adafruit_SSD13065beginEhhbbE5init3
                0x0000074f        0x4 src/libraries/Adafruit_SSD1306/Adafruit_SSD1306.o
 .progmem.data._ZZN16Adafruit_SSD13065beginEhhbbE5init2
                0x00000753        0x4 src/libraries/Adafruit_SSD1306/Adafruit_SSD1306.o
 .progmem.data._ZZN16Adafruit_SSD13065beginEhhbbE5init1
                0x00000757        0x4 src/libraries/Adafruit_SSD1306/Adafruit_SSD1306.o
 .progmem.data._ZL12splash2_data
                0x0000075b      0x1e0 src/libraries/Adafruit_SSD1306/Adafruit_SSD1306.o
 .progmem.data._ZL12splash1_data
                0x0000093b      0x2c0 src/libraries/Adafruit_SSD1306/Adafruit_SSD1306.o
 .progmem.data.digital_pin_to_timer_PGM
                0x00000bfb       0x46 D:\Skole\H3\Controller\SmartHouse\SmartHouse\ArduinoCore\Debug\libArduinoCore.a(wiring_digital.o)
                0x00000bfb                digital_pin_to_timer_PGM
 .progmem.data.digital_pin_to_bit_mask_PGM
                0x00000c41       0x46 D:\Skole\H3\Controller\SmartHouse\SmartHouse\ArduinoCore\Debug\libArduinoCore.a(wiring_digital.o)
                0x00000c41                digital_pin_to_bit_mask_PGM
 .progmem.data.digital_pin_to_port_PGM
                0x00000c87       0x46 D:\Skole\H3\Controller\SmartHouse\SmartHouse\ArduinoCore\Debug\libArduinoCore.a(wiring_digital.o)
                0x00000c87                digital_pin_to_port_PGM
 .progmem.data.port_to_input_PGM
                0x00000ccd       0x1a D:\Skole\H3\Controller\SmartHouse\SmartHouse\ArduinoCore\Debug\libArduinoCore.a(wiring_digital.o)
                0x00000ccd                port_to_input_PGM
 .progmem.data.port_to_output_PGM
                0x00000ce7       0x1a D:\Skole\H3\Controller\SmartHouse\SmartHouse\ArduinoCore\Debug\libArduinoCore.a(wiring_digital.o)
                0x00000ce7                port_to_output_PGM
 .progmem.data.port_to_mode_PGM
                0x00000d01       0x1a D:\Skole\H3\Controller\SmartHouse\SmartHouse\ArduinoCore\Debug\libArduinoCore.a(wiring_digital.o)
                0x00000d01                port_to_mode_PGM
                0x00000d1c                . = ALIGN (0x2)
 *fill*         0x00000d1b        0x1 
 *(.jumptables)
 *(.jumptables*)
 *(.lowtext)
 *(.lowtext*)
                0x00000d1c                __ctors_start = .
 *(.ctors)
 .ctors         0x00000d1c        0x2 KeypadSystem/KeypadSystem.o
 .ctors         0x00000d1e        0x2 main.o
 .ctors         0x00000d20        0x2 MenuSystem/MenuSystem.o
 .ctors         0x00000d22        0x2 src/libraries/Wire/src/Wire.o
 .ctors         0x00000d24        0x2 D:\Skole\H3\Controller\SmartHouse\SmartHouse\ArduinoCore\Debug\libArduinoCore.a(HardwareSerial0.o)
                0x00000d26                __ctors_end = .
                0x00000d26                __dtors_start = .
 *(.dtors)
 .dtors         0x00000d26        0x2 KeypadSystem/KeypadSystem.o
 .dtors         0x00000d28        0x2 main.o
 .dtors         0x00000d2a        0x2 MenuSystem/MenuSystem.o
                0x00000d2c                __dtors_end = .
 SORT(*)(.ctors)
 SORT(*)(.dtors)
 *(.init0)
 .init0         0x00000d2c        0x0 D:/Atmel/7.0/Packs/atmel/ATmega_DFP/1.6.364/gcc/dev/atmega2560/avr6/crtatmega2560.o
                0x00000d2c                __init
 *(.init0)
 *(.init1)
 *(.init1)
 *(.init2)
 .init2         0x00000d2c       0x10 D:/Atmel/7.0/Packs/atmel/ATmega_DFP/1.6.364/gcc/dev/atmega2560/avr6/crtatmega2560.o
 *(.init2)
 *(.init3)
 *(.init3)
 *(.init4)
 .init4         0x00000d3c       0x1a d:/atmel/7.0/toolchain/avr8/avr8-gnu-toolchain/bin/../lib/gcc/avr/5.4.0/avr6\libgcc.a(_copy_data.o)
                0x00000d3c                __do_copy_data
 .init4         0x00000d56       0x10 d:/atmel/7.0/toolchain/avr8/avr8-gnu-toolchain/bin/../lib/gcc/avr/5.4.0/avr6\libgcc.a(_clear_bss.o)
                0x00000d56                __do_clear_bss
 *(.init4)
 *(.init5)
 *(.init5)
 *(.init6)
 .init6         0x00000d66       0x20 d:/atmel/7.0/toolchain/avr8/avr8-gnu-toolchain/bin/../lib/gcc/avr/5.4.0/avr6\libgcc.a(_ctors.o)
                0x00000d66                __do_global_ctors
 *(.init6)
 *(.init7)
 *(.init7)
 *(.init8)
 *(.init8)
 *(.init9)
 .init9         0x00000d86        0x8 D:/Atmel/7.0/Packs/atmel/ATmega_DFP/1.6.364/gcc/dev/atmega2560/avr6/crtatmega2560.o
 *(.init9)
 *(.text)
 .text          0x00000d8e        0x2 D:/Atmel/7.0/Packs/atmel/ATmega_DFP/1.6.364/gcc/dev/atmega2560/avr6/crtatmega2560.o
                0x00000d8e                __vector_38
                0x00000d8e                __vector_22
                0x00000d8e                __vector_28
                0x00000d8e                __vector_34
                0x00000d8e                __vector_24
                0x00000d8e                __vector_12
                0x00000d8e                __vector_55
                0x00000d8e                __vector_46
                0x00000d8e                __bad_interrupt
                0x00000d8e                __vector_31
                0x00000d8e                __vector_35
                0x00000d8e                __vector_30
                0x00000d8e                __vector_45
                0x00000d8e                __vector_11
                0x00000d8e                __vector_54
                0x00000d8e                __vector_13
                0x00000d8e                __vector_19
                0x00000d8e                __vector_56
                0x00000d8e                __vector_49
                0x00000d8e                __vector_41
                0x00000d8e                __vector_43
                0x00000d8e                __vector_27
                0x00000d8e                __vector_33
                0x00000d8e                __vector_52
                0x00000d8e                __vector_37
                0x00000d8e                __vector_44
                0x00000d8e                __vector_51
                0x00000d8e                __vector_9
                0x00000d8e                __vector_21
                0x00000d8e                __vector_15
                0x00000d8e                __vector_36
                0x00000d8e                __vector_29
                0x00000d8e                __vector_40
                0x00000d8e                __vector_48
                0x00000d8e                __vector_14
                0x00000d8e                __vector_53
                0x00000d8e                __vector_10
                0x00000d8e                __vector_50
                0x00000d8e                __vector_16
                0x00000d8e                __vector_18
                0x00000d90                . = ALIGN (0x2)
 *(.text.*)
 .text._Z9ReadClockv
                0x00000d90       0x26 AtomicClock/AtomicClock.o
                0x00000d90                _Z9ReadClockv
 .text._Z13GetTimeString8DateTime
                0x00000db6       0xa6 AtomicClock/AtomicClock.o
                0x00000db6                _Z13GetTimeString8DateTime
 .text._Z13GetDataString8DateTime
                0x00000e5c       0x96 AtomicClock/AtomicClock.o
                0x00000e5c                _Z13GetDataString8DateTime
 .text._ZN15Adafruit_Sensor15enableAutoRangeEb
                0x00000ef2        0x2 DHT11/OwnDHT11.o
                0x00000ef2                _ZN15Adafruit_Sensor15enableAutoRangeEb
 .text._Z13GetSensorTempv
                0x00000ef4       0xda DHT11/OwnDHT11.o
                0x00000ef4                _Z13GetSensorTempv
 .text._Z14GetSensorHumidv
                0x00000fce       0xda DHT11/OwnDHT11.o
                0x00000fce                _Z14GetSensorHumidv
 .text._Z20WriteToLiquidCrystal6Stringii
                0x000010a8       0x22 DisplayOnLC/DisplayOnLC.o
                0x000010a8                _Z20WriteToLiquidCrystal6Stringii
 .text._Z10ReadKeypadv
                0x000010ca        0xe KeypadSystem/KeypadSystem.o
                0x000010ca                _Z10ReadKeypadv
 .text.startup._GLOBAL__sub_I_keys
                0x000010d8       0x2e KeypadSystem/KeypadSystem.o
 .text.exit._GLOBAL__sub_D_keys
                0x00001106        0x8 KeypadSystem/KeypadSystem.o
 .text._Z15ButtonInterruptv
                0x0000110e       0x20 main.o
                0x0000110e                _Z15ButtonInterruptv
 .text.setup    0x0000112e      0x110 main.o
                0x0000112e                setup
 .text._Z8OpenDoorv
                0x0000123e       0x1c main.o
                0x0000123e                _Z8OpenDoorv
 .text._Z9CloseDoorv
                0x0000125a       0x42 main.o
                0x0000125a                _Z9CloseDoorv
 .text._Z13OpenCloseDoorv
                0x0000129c       0xec main.o
                0x0000129c                _Z13OpenCloseDoorv
 .text._Z9MoveServoi
                0x00001388        0xa main.o
                0x00001388                _Z9MoveServoi
 .text._Z7SetTimev
                0x00001392       0x48 main.o
                0x00001392                _Z7SetTimev
 .text._Z7SetDatev
                0x000013da       0x48 main.o
                0x000013da                _Z7SetDatev
 .text._Z13SetTempraturev
                0x00001422       0x3e main.o
                0x00001422                _Z13SetTempraturev
 .text._Z8SetHumidv
                0x00001460       0x3e main.o
                0x00001460                _Z8SetHumidv
 .text._Z10SetWeatherv
                0x0000149e        0x4 main.o
                0x0000149e                _Z10SetWeatherv
 .text._Z13SetInfomationv
                0x000014a2       0x6e main.o
                0x000014a2                _Z13SetInfomationv
 .text._Z10DoorLockerv
                0x00001510       0x80 main.o
                0x00001510                _Z10DoorLockerv
 .text._Z9SetBlindsv
                0x00001590      0x1d4 main.o
                0x00001590                _Z9SetBlindsv
 .text._Z4Modev
                0x00001764       0xde main.o
                0x00001764                _Z4Modev
 .text.loop     0x00001842       0x1c main.o
                0x00001842                loop
 .text.startup._GLOBAL__sub_I_lastParty
                0x0000185e       0xae main.o
 .text.exit._GLOBAL__sub_D_lastParty
                0x0000190c       0x10 main.o
 .text._Z7GetModev
                0x0000191c        0x6 MenuSystem/MenuSystem.o
                0x0000191c                _Z7GetModev
 .text._Z11MenuChooseri
                0x00001922       0xb4 MenuSystem/MenuSystem.o
                0x00001922                _Z11MenuChooseri
 .text._Z10MenuScrollv
                0x000019d6      0x11e MenuSystem/MenuSystem.o
                0x000019d6                _Z10MenuScrollv
 .text._Z8MenuItemv
                0x00001af4       0xea MenuSystem/MenuSystem.o
                0x00001af4                _Z8MenuItemv
 .text._Z10MenuSystemv
                0x00001bde       0x98 MenuSystem/MenuSystem.o
                0x00001bde                _Z10MenuSystemv
 .text.startup._GLOBAL__sub_I_numberOfItems
                0x00001c76       0x30 MenuSystem/MenuSystem.o
 .text.exit._GLOBAL__sub_D_numberOfItems
                0x00001ca6       0x20 MenuSystem/MenuSystem.o
 .text._Z11WriteToOLED6Stringiii
                0x00001cc6       0x20 OLED/DisplayOnOLED.o
                0x00001cc6                _Z11WriteToOLED6Stringiii
 .text._Z10CardReaderv
                0x00001ce6       0xb2 RFScanner/RRScanner.o
                0x00001ce6                _Z10CardReaderv
 .text._ZN8SPIClass16beginTransactionE11SPISettings
                0x00001d98       0x34 src/libraries/Adafruit_BusIO/Adafruit_SPIDevice.o
                0x00001d98                _ZN8SPIClass16beginTransactionE11SPISettings
 .text._ZN8SPIClass14endTransactionEv
                0x00001dcc       0x22 src/libraries/Adafruit_BusIO/Adafruit_SPIDevice.o
                0x00001dcc                _ZN8SPIClass14endTransactionEv
 .text._ZN5Print17availableForWriteEv
                0x00001dee        0x6 src/libraries/Adafruit_GFX_Library/Adafruit_GFX.o
                0x00001dee                _ZN5Print17availableForWriteEv
 .text._ZN5Print5flushEv
                0x00001df4        0x2 src/libraries/Adafruit_GFX_Library/Adafruit_GFX.o
                0x00001df4                _ZN5Print5flushEv
 .text._ZN12Adafruit_GFX9writeLineEiiiij
                0x00001df6      0x162 src/libraries/Adafruit_GFX_Library/Adafruit_GFX.o
                0x00001df6                _ZN12Adafruit_GFX9writeLineEiiiij
 .text._ZN12Adafruit_GFX10writePixelEiij
                0x00001f58        0xe src/libraries/Adafruit_GFX_Library/Adafruit_GFX.o
                0x00001f58                _ZN12Adafruit_GFX10writePixelEiij
 .text._ZN12Adafruit_GFX14writeFastVLineEiiij
                0x00001f66       0x18 src/libraries/Adafruit_GFX_Library/Adafruit_GFX.o
                0x00001f66                _ZN12Adafruit_GFX14writeFastVLineEiiij
 .text._ZN12Adafruit_GFX14writeFastHLineEiiij
                0x00001f7e       0x18 src/libraries/Adafruit_GFX_Library/Adafruit_GFX.o
                0x00001f7e                _ZN12Adafruit_GFX14writeFastHLineEiiij
 .text._ZN12Adafruit_GFX13writeFillRectEiiiij
                0x00001f96       0x20 src/libraries/Adafruit_GFX_Library/Adafruit_GFX.o
                0x00001f96                _ZN12Adafruit_GFX13writeFillRectEiiiij
 .text._ZN12Adafruit_GFX8endWriteEv
                0x00001fb6        0x2 src/libraries/Adafruit_GFX_Library/Adafruit_GFX.o
                0x00001fb6                _ZN12Adafruit_GFX10startWriteEv
                0x00001fb6                _ZN12Adafruit_GFX8endWriteEv
 .text._ZN12Adafruit_GFX13drawFastVLineEiiij
                0x00001fb8       0x72 src/libraries/Adafruit_GFX_Library/Adafruit_GFX.o
                0x00001fb8                _ZN12Adafruit_GFX13drawFastVLineEiiij
 .text._ZN12Adafruit_GFX13drawFastHLineEiiij
                0x0000202a       0x72 src/libraries/Adafruit_GFX_Library/Adafruit_GFX.o
                0x0000202a                _ZN12Adafruit_GFX13drawFastHLineEiiij
 .text._ZN12Adafruit_GFX8fillRectEiiiij
                0x0000209c       0x8a src/libraries/Adafruit_GFX_Library/Adafruit_GFX.o
                0x0000209c                _ZN12Adafruit_GFX8fillRectEiiiij
 .text._ZN12Adafruit_GFX10fillScreenEj
                0x00002126       0x3a src/libraries/Adafruit_GFX_Library/Adafruit_GFX.o
                0x00002126                _ZN12Adafruit_GFX10fillScreenEj
 .text._ZN12Adafruit_GFX8drawLineEiiiij
                0x00002160       0xda src/libraries/Adafruit_GFX_Library/Adafruit_GFX.o
                0x00002160                _ZN12Adafruit_GFX8drawLineEiiiij
 .text._ZN12Adafruit_GFX8drawRectEiiiij
                0x0000223a       0xbe src/libraries/Adafruit_GFX_Library/Adafruit_GFX.o
                0x0000223a                _ZN12Adafruit_GFX8drawRectEiiiij
 .text._ZN12Adafruit_GFX13invertDisplayEb
                0x000022f8        0x2 src/libraries/Adafruit_GFX_Library/Adafruit_GFX.o
                0x000022f8                _ZN12Adafruit_GFX13invertDisplayEb
 .text._ZN12Adafruit_GFX11setRotationEh
                0x000022fa       0x2a src/libraries/Adafruit_GFX_Library/Adafruit_GFX.o
                0x000022fa                _ZN12Adafruit_GFX11setRotationEh
 .text._ZN12Adafruit_GFXC2Eii
                0x00002324       0x44 src/libraries/Adafruit_GFX_Library/Adafruit_GFX.o
                0x00002324                _ZN12Adafruit_GFXC2Eii
                0x00002324                _ZN12Adafruit_GFXC1Eii
 .text._ZN12Adafruit_GFX10drawBitmapEiiPKhiij
                0x00002368      0x13c src/libraries/Adafruit_GFX_Library/Adafruit_GFX.o
                0x00002368                _ZN12Adafruit_GFX10drawBitmapEiiPKhiij
 .text._ZN12Adafruit_GFX8drawCharEiihjjhh
                0x000024a4      0x46a src/libraries/Adafruit_GFX_Library/Adafruit_GFX.o
                0x000024a4                _ZN12Adafruit_GFX8drawCharEiihjjhh
 .text._ZN12Adafruit_GFX5writeEh
                0x0000290e      0x1ac src/libraries/Adafruit_GFX_Library/Adafruit_GFX.o
                0x0000290e                _ZN12Adafruit_GFX5writeEh
 .text._ZN16Adafruit_SSD13069drawPixelEiij
                0x00002aba      0x17a src/libraries/Adafruit_SSD1306/Adafruit_SSD1306.o
                0x00002aba                _ZN16Adafruit_SSD13069drawPixelEiij
 .text._ZN8SPIClass8transferEh
                0x00002c34        0xe src/libraries/Adafruit_SSD1306/Adafruit_SSD1306.o
                0x00002c34                _ZN8SPIClass8transferEh
 .text._ZN16Adafruit_SSD1306C2EhhP7TwoWireamm
                0x00002c42       0x94 src/libraries/Adafruit_SSD1306/Adafruit_SSD1306.o
                0x00002c42                _ZN16Adafruit_SSD1306C2EhhP7TwoWireamm
                0x00002c42                _ZN16Adafruit_SSD1306C1EhhP7TwoWireamm
 .text._ZN16Adafruit_SSD1306D2Ev
                0x00002cd6       0x18 src/libraries/Adafruit_SSD1306/Adafruit_SSD1306.o
                0x00002cd6                _ZN16Adafruit_SSD1306D1Ev
                0x00002cd6                _ZN16Adafruit_SSD1306D2Ev
 .text._ZN16Adafruit_SSD130616ssd1306_command1Eh
                0x00002cee       0xc0 src/libraries/Adafruit_SSD1306/Adafruit_SSD1306.o
                0x00002cee                _ZN16Adafruit_SSD130616ssd1306_command1Eh
 .text._ZN16Adafruit_SSD130613invertDisplayEb
                0x00002dae       0x8c src/libraries/Adafruit_SSD1306/Adafruit_SSD1306.o
                0x00002dae                _ZN16Adafruit_SSD130613invertDisplayEb
 .text._ZN16Adafruit_SSD130619ssd1306_commandListEPKhh
                0x00002e3a      0x14e src/libraries/Adafruit_SSD1306/Adafruit_SSD1306.o
                0x00002e3a                _ZN16Adafruit_SSD130619ssd1306_commandListEPKhh
 .text._ZN16Adafruit_SSD130612clearDisplayEv
                0x00002f88       0x3c src/libraries/Adafruit_SSD1306/Adafruit_SSD1306.o
                0x00002f88                _ZN16Adafruit_SSD130612clearDisplayEv
 .text._ZN16Adafruit_SSD13065beginEhhbb
                0x00002fc4      0x386 src/libraries/Adafruit_SSD1306/Adafruit_SSD1306.o
                0x00002fc4                _ZN16Adafruit_SSD13065beginEhhbb
 .text._ZN16Adafruit_SSD130621drawFastHLineInternalEiiij
                0x0000334a       0xe0 src/libraries/Adafruit_SSD1306/Adafruit_SSD1306.o
                0x0000334a                _ZN16Adafruit_SSD130621drawFastHLineInternalEiiij
 .text._ZN16Adafruit_SSD130621drawFastVLineInternalEiiij
                0x0000342a      0x16a src/libraries/Adafruit_SSD1306/Adafruit_SSD1306.o
                0x0000342a                _ZN16Adafruit_SSD130621drawFastVLineInternalEiiij
 .text._ZN16Adafruit_SSD130613drawFastHLineEiiij
                0x00003594       0x7e src/libraries/Adafruit_SSD1306/Adafruit_SSD1306.o
                0x00003594                _ZN16Adafruit_SSD130613drawFastHLineEiiij
 .text._ZN16Adafruit_SSD130613drawFastVLineEiiij
                0x00003612       0x80 src/libraries/Adafruit_SSD1306/Adafruit_SSD1306.o
                0x00003612                _ZN16Adafruit_SSD130613drawFastVLineEiiij
 .text._ZN16Adafruit_SSD13067displayEv
                0x00003692      0x1de src/libraries/Adafruit_SSD1306/Adafruit_SSD1306.o
                0x00003692                _ZN16Adafruit_SSD13067displayEv
 .text._ZN3DHTC2Ehhh
                0x00003870       0x42 src/libraries/DHT_sensor_library/DHT.o
                0x00003870                _ZN3DHTC1Ehhh
                0x00003870                _ZN3DHTC2Ehhh
 .text._ZN3DHT5beginEh
                0x000038b2       0x34 src/libraries/DHT_sensor_library/DHT.o
                0x000038b2                _ZN3DHT5beginEh
 .text._ZN3DHT11expectPulseEb
                0x000038e6       0x7a src/libraries/DHT_sensor_library/DHT.o
                0x000038e6                _ZN3DHT11expectPulseEb
 .text._ZN3DHT4readEb
                0x00003960      0x1f6 src/libraries/DHT_sensor_library/DHT.o
                0x00003960                _ZN3DHT4readEb
 .text._ZN3DHT15readTemperatureEbb
                0x00003b56      0x128 src/libraries/DHT_sensor_library/DHT.o
                0x00003b56                _ZN3DHT15readTemperatureEbb
 .text._ZN3DHT12readHumidityEb
                0x00003c7e       0x90 src/libraries/DHT_sensor_library/DHT.o
                0x00003c7e                _ZN3DHT12readHumidityEb
 .text._ZN11DHT_Unified8HumidityD2Ev
                0x00003d0e        0x2 src/libraries/DHT_sensor_library/DHT_U.o
                0x00003d0e                _ZN11DHT_Unified8HumidityD1Ev
                0x00003d0e                _ZN11DHT_Unified8HumidityD2Ev
 .text._ZN11DHT_Unified11TemperatureD2Ev
                0x00003d10        0x2 src/libraries/DHT_sensor_library/DHT_U.o
                0x00003d10                _ZN11DHT_Unified11TemperatureD2Ev
                0x00003d10                _ZN11DHT_Unified11TemperatureD1Ev
 .text._ZN11DHT_Unified11Temperature8getEventEP15sensors_event_t
                0x00003d12       0x74 src/libraries/DHT_sensor_library/DHT_U.o
                0x00003d12                _ZN11DHT_Unified11Temperature8getEventEP15sensors_event_t
 .text._ZN11DHT_Unified8Humidity8getEventEP15sensors_event_t
                0x00003d86       0x72 src/libraries/DHT_sensor_library/DHT_U.o
                0x00003d86                _ZN11DHT_Unified8Humidity8getEventEP15sensors_event_t
 .text._ZN11DHT_Unified8HumidityD0Ev
                0x00003df8        0x4 src/libraries/DHT_sensor_library/DHT_U.o
                0x00003df8                _ZN11DHT_Unified8HumidityD0Ev
 .text._ZN11DHT_Unified11TemperatureD0Ev
                0x00003dfc        0x4 src/libraries/DHT_sensor_library/DHT_U.o
                0x00003dfc                _ZN11DHT_Unified11TemperatureD0Ev
 .text._ZN11DHT_UnifiedC2Ehhhll
                0x00003e00       0x6e src/libraries/DHT_sensor_library/DHT_U.o
                0x00003e00                _ZN11DHT_UnifiedC2Ehhhll
                0x00003e00                _ZN11DHT_UnifiedC1Ehhhll
 .text._ZN11DHT_Unified5beginEv
                0x00003e6e        0x4 src/libraries/DHT_sensor_library/DHT_U.o
                0x00003e6e                _ZN11DHT_Unified5beginEv
 .text._ZN11DHT_Unified7setNameEP8sensor_t
                0x00003e72       0x5a src/libraries/DHT_sensor_library/DHT_U.o
                0x00003e72                _ZN11DHT_Unified7setNameEP8sensor_t
 .text._ZN11DHT_Unified11setMinDelayEP8sensor_t
                0x00003ecc       0x2e src/libraries/DHT_sensor_library/DHT_U.o
                0x00003ecc                _ZN11DHT_Unified11setMinDelayEP8sensor_t
 .text._ZN11DHT_Unified11Temperature9getSensorEP8sensor_t
                0x00003efa      0x122 src/libraries/DHT_sensor_library/DHT_U.o
                0x00003efa                _ZN11DHT_Unified11Temperature9getSensorEP8sensor_t
 .text._ZN11DHT_Unified8Humidity9getSensorEP8sensor_t
                0x0000401c       0xf8 src/libraries/DHT_sensor_library/DHT_U.o
                0x0000401c                _ZN11DHT_Unified8Humidity9getSensorEP8sensor_t
 .text._ZN7TwoWire5writeEi
                0x00004114        0xe src/libraries/DS3231/DS3231.o
                0x00004114                _ZN7TwoWire5writeEi
 .text._ZN6RTClib3nowEv
                0x00004122      0x12c src/libraries/DS3231/DS3231.o
                0x00004122                _ZN6RTClib3nowEv
 .text._ZN3KeyC2Ev
                0x0000424e        0xa src/libraries/Keypad/src/Key.o
                0x0000424e                _ZN3KeyC2Ev
                0x0000424e                _ZN3KeyC1Ev
 .text._ZN6Keypad8pin_readEh
                0x00004258        0x6 src/libraries/Keypad/src/Keypad.o
                0x00004258                _ZN6Keypad8pin_readEh
 .text._ZN6Keypad9pin_writeEhb
                0x0000425e        0x8 src/libraries/Keypad/src/Keypad.o
                0x0000425e                _ZN6Keypad9pin_writeEhb
 .text._ZN6Keypad8pin_modeEhh
                0x00004266        0x8 src/libraries/Keypad/src/Keypad.o
                0x00004266                _ZN6Keypad8pin_modeEhh
 .text._ZN6KeypadC2EPcPhS1_hh
                0x0000426e       0xb6 src/libraries/Keypad/src/Keypad.o
                0x0000426e                _ZN6KeypadC2EPcPhS1_hh
                0x0000426e                _ZN6KeypadC1EPcPhS1_hh
 .text._ZN6Keypad8scanKeysEv
                0x00004324      0x1f4 src/libraries/Keypad/src/Keypad.o
                0x00004324                _ZN6Keypad8scanKeysEv
 .text._ZN6Keypad10findInListEi
                0x00004518       0x20 src/libraries/Keypad/src/Keypad.o
                0x00004518                _ZN6Keypad10findInListEi
 .text._ZN6Keypad12transitionToEh8KeyState
                0x00004538       0x46 src/libraries/Keypad/src/Keypad.o
                0x00004538                _ZN6Keypad12transitionToEh8KeyState
 .text._ZN6Keypad12nextKeyStateEhb
                0x0000457e       0xb8 src/libraries/Keypad/src/Keypad.o
                0x0000457e                _ZN6Keypad12nextKeyStateEhb
 .text._ZN6Keypad10updateListEv
                0x00004636      0x182 src/libraries/Keypad/src/Keypad.o
                0x00004636                _ZN6Keypad10updateListEv
 .text._ZN6Keypad7getKeysEv
                0x000047b8       0x76 src/libraries/Keypad/src/Keypad.o
                0x000047b8                _ZN6Keypad7getKeysEv
 .text._ZN6Keypad6getKeyEv
                0x0000482e       0x3e src/libraries/Keypad/src/Keypad.o
                0x0000482e                _ZN6Keypad6getKeyEv
 .text._ZN13LiquidCrystal11pulseEnableEv
                0x0000486c       0x3a src/libraries/LiquidCrystal/src/LiquidCrystal.o
                0x0000486c                _ZN13LiquidCrystal11pulseEnableEv
 .text._ZN13LiquidCrystal10write4bitsEh
                0x000048a6       0x58 src/libraries/LiquidCrystal/src/LiquidCrystal.o
                0x000048a6                _ZN13LiquidCrystal10write4bitsEh
 .text._ZN13LiquidCrystal10write8bitsEh
                0x000048fe       0x58 src/libraries/LiquidCrystal/src/LiquidCrystal.o
                0x000048fe                _ZN13LiquidCrystal10write8bitsEh
 .text._ZN13LiquidCrystal4sendEhh
                0x00004956       0x4c src/libraries/LiquidCrystal/src/LiquidCrystal.o
                0x00004956                _ZN13LiquidCrystal4sendEhh
 .text._ZN13LiquidCrystal7commandEh
                0x000049a2        0x4 src/libraries/LiquidCrystal/src/LiquidCrystal.o
                0x000049a2                _ZN13LiquidCrystal7commandEh
 .text._ZN13LiquidCrystal5clearEv
                0x000049a6        0xc src/libraries/LiquidCrystal/src/LiquidCrystal.o
                0x000049a6                _ZN13LiquidCrystal5clearEv
 .text._ZN13LiquidCrystal9setCursorEhh
                0x000049b2       0x24 src/libraries/LiquidCrystal/src/LiquidCrystal.o
                0x000049b2                _ZN13LiquidCrystal9setCursorEhh
 .text._ZN13LiquidCrystal7displayEv
                0x000049d6        0xe src/libraries/LiquidCrystal/src/LiquidCrystal.o
                0x000049d6                _ZN13LiquidCrystal7displayEv
 .text._ZN13LiquidCrystal5beginEhhh
                0x000049e4      0x134 src/libraries/LiquidCrystal/src/LiquidCrystal.o
                0x000049e4                _ZN13LiquidCrystal5beginEhhh
 .text._ZN13LiquidCrystalC2Ehhhhhh
                0x00004b18       0x3e src/libraries/LiquidCrystal/src/LiquidCrystal.o
                0x00004b18                _ZN13LiquidCrystalC1Ehhhhhh
                0x00004b18                _ZN13LiquidCrystalC2Ehhhhhh
 .text._ZN13LiquidCrystal10createCharEhPh
                0x00004b56       0x4e src/libraries/LiquidCrystal/src/LiquidCrystal.o
                0x00004b56                _ZN13LiquidCrystal10createCharEhPh
 .text._ZN13LiquidCrystal5writeEh
                0x00004ba4        0xa src/libraries/LiquidCrystal/src/LiquidCrystal.o
                0x00004ba4                _ZN13LiquidCrystal5writeEh
 .text._ZN7MFRC52219PICC_ReadCardSerialEv
                0x00004bae       0x20 src/libraries/MFRC522/src/MFRC522.o
                0x00004bae                _ZN7MFRC52219PICC_ReadCardSerialEv
 .text._ZN7MFRC52216PCD_ReadRegisterENS_12PCD_RegisterEhPhh.part.1.constprop.8
                0x00004bce       0xaa src/libraries/MFRC522/src/MFRC522.o
 .text._ZN7MFRC522C2Ehh
                0x00004c78       0x10 src/libraries/MFRC522/src/MFRC522.o
                0x00004c78                _ZN7MFRC522C2Ehh
                0x00004c78                _ZN7MFRC522C1Ehh
 .text._ZN7MFRC52217PCD_WriteRegisterENS_12PCD_RegisterEh
                0x00004c88       0x3e src/libraries/MFRC522/src/MFRC522.o
                0x00004c88                _ZN7MFRC52217PCD_WriteRegisterENS_12PCD_RegisterEh
 .text._ZN7MFRC52217PCD_WriteRegisterENS_12PCD_RegisterEhPh
                0x00004cc6       0x66 src/libraries/MFRC522/src/MFRC522.o
                0x00004cc6                _ZN7MFRC52217PCD_WriteRegisterENS_12PCD_RegisterEhPh
 .text._ZN7MFRC52216PCD_ReadRegisterENS_12PCD_RegisterE
                0x00004d2c       0x40 src/libraries/MFRC522/src/MFRC522.o
                0x00004d2c                _ZN7MFRC52216PCD_ReadRegisterENS_12PCD_RegisterE
 .text._ZN7MFRC52216PCD_ReadRegisterENS_12PCD_RegisterEhPhh
                0x00004d6c        0xa src/libraries/MFRC522/src/MFRC522.o
                0x00004d6c                _ZN7MFRC52216PCD_ReadRegisterENS_12PCD_RegisterEhPhh
 .text._ZN7MFRC52222PCD_SetRegisterBitMaskENS_12PCD_RegisterEh
                0x00004d76       0x22 src/libraries/MFRC522/src/MFRC522.o
                0x00004d76                _ZN7MFRC52222PCD_SetRegisterBitMaskENS_12PCD_RegisterEh
 .text._ZN7MFRC52224PCD_ClearRegisterBitMaskENS_12PCD_RegisterEh
                0x00004d98       0x24 src/libraries/MFRC522/src/MFRC522.o
                0x00004d98                _ZN7MFRC52224PCD_ClearRegisterBitMaskENS_12PCD_RegisterEh
 .text._ZN7MFRC52216PCD_CalculateCRCEPhhS0_
                0x00004dbc       0xa2 src/libraries/MFRC522/src/MFRC522.o
                0x00004dbc                _ZN7MFRC52216PCD_CalculateCRCEPhhS0_
 .text._ZN7MFRC5229PCD_ResetEv
                0x00004e5e       0x32 src/libraries/MFRC522/src/MFRC522.o
                0x00004e5e                _ZN7MFRC5229PCD_ResetEv
 .text._ZN7MFRC52213PCD_AntennaOnEv
                0x00004e90       0x26 src/libraries/MFRC522/src/MFRC522.o
                0x00004e90                _ZN7MFRC52213PCD_AntennaOnEv
 .text._ZN7MFRC5228PCD_InitEv
                0x00004eb6       0xb2 src/libraries/MFRC522/src/MFRC522.o
                0x00004eb6                _ZN7MFRC5228PCD_InitEv
 .text._ZN7MFRC52223PCD_CommunicateWithPICCEhhPhhS0_S0_S0_hb
                0x00004f68      0x1ae src/libraries/MFRC522/src/MFRC522.o
                0x00004f68                _ZN7MFRC52223PCD_CommunicateWithPICCEhhPhhS0_S0_S0_hb
 .text._ZN7MFRC52218PCD_TransceiveDataEPhhS0_S0_S0_hb
                0x00005116       0x3c src/libraries/MFRC522/src/MFRC522.o
                0x00005116                _ZN7MFRC52218PCD_TransceiveDataEPhhS0_S0_S0_hb
 .text._ZN7MFRC52211PICC_SelectEPNS_3UidEh
                0x00005152      0x2fe src/libraries/MFRC522/src/MFRC522.o
                0x00005152                _ZN7MFRC52211PICC_SelectEPNS_3UidEh
 .text._ZN7MFRC52217PICC_REQA_or_WUPAEhPhS0_
                0x00005450       0x9e src/libraries/MFRC522/src/MFRC522.o
                0x00005450                _ZN7MFRC52217PICC_REQA_or_WUPAEhPhS0_
 .text._ZN7MFRC52213PICC_RequestAEPhS0_
                0x000054ee        0x8 src/libraries/MFRC522/src/MFRC522.o
                0x000054ee                _ZN7MFRC52213PICC_RequestAEPhS0_
 .text._ZN7MFRC52221PICC_IsNewCardPresentEv
                0x000054f6       0x5a src/libraries/MFRC522/src/MFRC522.o
                0x000054f6                _ZN7MFRC52221PICC_IsNewCardPresentEv
 .text._ZL17handle_interrupts18timer16_Sequence_tPVjS1_
                0x00005550      0x190 src/libraries/Servo/src/avr/Servo.o
 .text.__vector_17
                0x000056e0       0x58 src/libraries/Servo/src/avr/Servo.o
                0x000056e0                __vector_17
 .text.__vector_32
                0x00005738       0x58 src/libraries/Servo/src/avr/Servo.o
                0x00005738                __vector_32
 .text.__vector_42
                0x00005790       0x58 src/libraries/Servo/src/avr/Servo.o
                0x00005790                __vector_42
 .text.__vector_47
                0x000057e8       0x58 src/libraries/Servo/src/avr/Servo.o
                0x000057e8                __vector_47
 .text._ZN5ServoC2Ev
                0x00005840       0x38 src/libraries/Servo/src/avr/Servo.o
                0x00005840                _ZN5ServoC1Ev
                0x00005840                _ZN5ServoC2Ev
 .text._ZN5Servo6attachEiii
                0x00005878      0x158 src/libraries/Servo/src/avr/Servo.o
                0x00005878                _ZN5Servo6attachEiii
 .text._ZN5Servo6attachEi
                0x000059d0        0xa src/libraries/Servo/src/avr/Servo.o
                0x000059d0                _ZN5Servo6attachEi
 .text._ZN5Servo17writeMicrosecondsEi
                0x000059da       0x6c src/libraries/Servo/src/avr/Servo.o
                0x000059da                _ZN5Servo17writeMicrosecondsEi
 .text._ZN5Servo5writeEi
                0x00005a46       0xb6 src/libraries/Servo/src/avr/Servo.o
                0x00005a46                _ZN5Servo5writeEi
 .text._ZN8SPIClass5beginEv
                0x00005afc       0x6c src/libraries/SPI/src/SPI.o
                0x00005afc                _ZN8SPIClass5beginEv
 .text.__vector_20
                0x00005b68       0x56 src/libraries/TimerOne/TimerOne.o
                0x00005b68                __vector_20
 .text.twi_init
                0x00005bbe       0x3c src/libraries/Wire/src/utility/twi.o
                0x00005bbe                twi_init
 .text.twi_disable
                0x00005bfa       0x1a src/libraries/Wire/src/utility/twi.o
                0x00005bfa                twi_disable
 .text.twi_setFrequency
                0x00005c14       0x28 src/libraries/Wire/src/utility/twi.o
                0x00005c14                twi_setFrequency
 .text.twi_transmit
                0x00005c3c       0x50 src/libraries/Wire/src/utility/twi.o
                0x00005c3c                twi_transmit
 .text.twi_attachSlaveRxEvent
                0x00005c8c        0xa src/libraries/Wire/src/utility/twi.o
                0x00005c8c                twi_attachSlaveRxEvent
 .text.twi_attachSlaveTxEvent
                0x00005c96        0xa src/libraries/Wire/src/utility/twi.o
                0x00005c96                twi_attachSlaveTxEvent
 .text.twi_releaseBus
                0x00005ca0        0xc src/libraries/Wire/src/utility/twi.o
                0x00005ca0                twi_releaseBus
 .text.twi_handleTimeout
                0x00005cac       0x28 src/libraries/Wire/src/utility/twi.o
                0x00005cac                twi_handleTimeout
 .text.twi_readFrom
                0x00005cd4      0x1ce src/libraries/Wire/src/utility/twi.o
                0x00005cd4                twi_readFrom
 .text.twi_writeTo
                0x00005ea2      0x1de src/libraries/Wire/src/utility/twi.o
                0x00005ea2                twi_writeTo
 .text.twi_stop
                0x00006080       0x6e src/libraries/Wire/src/utility/twi.o
                0x00006080                twi_stop
 .text.__vector_39
                0x000060ee      0x25c src/libraries/Wire/src/utility/twi.o
                0x000060ee                __vector_39
 .text._ZN7TwoWire9availableEv
                0x0000634a       0x10 src/libraries/Wire/src/Wire.o
                0x0000634a                _ZN7TwoWire9availableEv
 .text._ZN7TwoWire4readEv
                0x0000635a       0x28 src/libraries/Wire/src/Wire.o
                0x0000635a                _ZN7TwoWire4readEv
 .text._ZN7TwoWire4peekEv
                0x00006382       0x1e src/libraries/Wire/src/Wire.o
                0x00006382                _ZN7TwoWire4peekEv
 .text._ZN7TwoWire5flushEv
                0x000063a0        0x2 src/libraries/Wire/src/Wire.o
                0x000063a0                _ZN7TwoWire5flushEv
 .text._ZN7TwoWire16onReceiveServiceEPhi
                0x000063a2       0x54 src/libraries/Wire/src/Wire.o
                0x000063a2                _ZN7TwoWire16onReceiveServiceEPhi
 .text._ZN7TwoWire16onRequestServiceEv
                0x000063f6       0x18 src/libraries/Wire/src/Wire.o
                0x000063f6                _ZN7TwoWire16onRequestServiceEv
 .text._ZN7TwoWire5writeEPKhj
                0x0000640e       0x58 src/libraries/Wire/src/Wire.o
                0x0000640e                _ZN7TwoWire5writeEPKhj
 .text._ZN7TwoWire5writeEh
                0x00006466       0x5c src/libraries/Wire/src/Wire.o
                0x00006466                _ZN7TwoWire5writeEh
 .text._ZN7TwoWireC2Ev
                0x000064c2       0x20 src/libraries/Wire/src/Wire.o
                0x000064c2                _ZN7TwoWireC1Ev
                0x000064c2                _ZN7TwoWireC2Ev
 .text._ZN7TwoWire5beginEv
                0x000064e2       0x1e src/libraries/Wire/src/Wire.o
                0x000064e2                _ZN7TwoWire5beginEv
 .text._ZN7TwoWire8setClockEm
                0x00006500        0x6 src/libraries/Wire/src/Wire.o
                0x00006500                _ZN7TwoWire8setClockEm
 .text._ZN7TwoWire17beginTransmissionEh
                0x00006506       0x14 src/libraries/Wire/src/Wire.o
                0x00006506                _ZN7TwoWire17beginTransmissionEh
 .text._ZN7TwoWire17beginTransmissionEi
                0x0000651a        0x2 src/libraries/Wire/src/Wire.o
                0x0000651a                _ZN7TwoWire17beginTransmissionEi
 .text._ZN7TwoWire15endTransmissionEh
                0x0000651c       0x24 src/libraries/Wire/src/Wire.o
                0x0000651c                _ZN7TwoWire15endTransmissionEh
 .text._ZN7TwoWire11requestFromEhhmhh
                0x00006540       0xa2 src/libraries/Wire/src/Wire.o
                0x00006540                _ZN7TwoWire11requestFromEhhmhh
 .text._ZN7TwoWire11requestFromEhhh
                0x000065e2       0x1e src/libraries/Wire/src/Wire.o
                0x000065e2                _ZN7TwoWire11requestFromEhhh
 .text._ZN7TwoWire11requestFromEii
                0x00006600        0x4 src/libraries/Wire/src/Wire.o
                0x00006600                _ZN7TwoWire11requestFromEii
 .text._ZN7TwoWire15endTransmissionEv
                0x00006604        0x4 src/libraries/Wire/src/Wire.o
                0x00006604                _ZN7TwoWire15endTransmissionEv
 .text.startup._GLOBAL__sub_I__ZN7TwoWire8rxBufferE
                0x00006608        0x6 src/libraries/Wire/src/Wire.o
 .text.avr-libc.fplib
                0x0000660e        0xa d:/atmel/7.0/toolchain/avr8/avr8-gnu-toolchain/bin/../lib/gcc/avr/5.4.0/../../../../avr/lib/avr6\libm.a(addsf3.o)
                0x0000660e                __subsf3
                0x00006610                __addsf3
 .text.avr-libc.fplib
                0x00006618       0xc0 d:/atmel/7.0/toolchain/avr8/avr8-gnu-toolchain/bin/../lib/gcc/avr/5.4.0/../../../../avr/lib/avr6\libm.a(addsf3x.o)
                0x00006632                __addsf3x
 .text.avr-libc.fplib
                0x000066d8       0x7a d:/atmel/7.0/toolchain/avr8/avr8-gnu-toolchain/bin/../lib/gcc/avr/5.4.0/../../../../avr/lib/avr6\libm.a(floatsisf.o)
                0x000066d8                __floatunsisf
                0x000066dc                __floatsisf
 .text.avr-libc.fplib
                0x00006752       0x48 d:/atmel/7.0/toolchain/avr8/avr8-gnu-toolchain/bin/../lib/gcc/avr/5.4.0/../../../../avr/lib/avr6\libm.a(fp_cmp.o)
                0x00006752                __fp_cmp
 .text.avr-libc.fplib
                0x0000679a        0xc d:/atmel/7.0/toolchain/avr8/avr8-gnu-toolchain/bin/../lib/gcc/avr/5.4.0/../../../../avr/lib/avr6\libm.a(fp_inf.o)
                0x0000679a                __fp_inf
 .text.avr-libc.fplib
                0x000067a6        0x6 d:/atmel/7.0/toolchain/avr8/avr8-gnu-toolchain/bin/../lib/gcc/avr/5.4.0/../../../../avr/lib/avr6\libm.a(fp_nan.o)
                0x000067a6                __fp_nan
 .text.avr-libc.fplib
                0x000067ac        0xe d:/atmel/7.0/toolchain/avr8/avr8-gnu-toolchain/bin/../lib/gcc/avr/5.4.0/../../../../avr/lib/avr6\libm.a(fp_pscA.o)
                0x000067ac                __fp_pscA
 .text.avr-libc.fplib
                0x000067ba        0xe d:/atmel/7.0/toolchain/avr8/avr8-gnu-toolchain/bin/../lib/gcc/avr/5.4.0/../../../../avr/lib/avr6\libm.a(fp_pscB.o)
                0x000067ba                __fp_pscB
 .text.avr-libc.fplib
                0x000067c8       0x22 d:/atmel/7.0/toolchain/avr8/avr8-gnu-toolchain/bin/../lib/gcc/avr/5.4.0/../../../../avr/lib/avr6\libm.a(fp_round.o)
                0x000067c8                __fp_round
 .text.avr-libc.fplib
                0x000067ea       0x44 d:/atmel/7.0/toolchain/avr8/avr8-gnu-toolchain/bin/../lib/gcc/avr/5.4.0/../../../../avr/lib/avr6\libm.a(fp_split3.o)
                0x000067ea                __fp_split3
                0x000067fa                __fp_splitA
 .text.avr-libc.fplib
                0x0000682e        0xe d:/atmel/7.0/toolchain/avr8/avr8-gnu-toolchain/bin/../lib/gcc/avr/5.4.0/../../../../avr/lib/avr6\libm.a(fp_zero.o)
                0x0000682e                __fp_zero
                0x00006830                __fp_szero
 .text.avr-libc.fplib
                0x0000683c        0x4 d:/atmel/7.0/toolchain/avr8/avr8-gnu-toolchain/bin/../lib/gcc/avr/5.4.0/../../../../avr/lib/avr6\libm.a(mulsf3.o)
                0x0000683c                __mulsf3
 .text.avr-libc.fplib
                0x00006840       0xc2 d:/atmel/7.0/toolchain/avr8/avr8-gnu-toolchain/bin/../lib/gcc/avr/5.4.0/../../../../avr/lib/avr6\libm.a(mulsf3x.o)
                0x00006854                __mulsf3x
                0x00006858                __mulsf3_pse
 .text.avr-libc.fplib
                0x00006902        0x8 d:/atmel/7.0/toolchain/avr8/avr8-gnu-toolchain/bin/../lib/gcc/avr/5.4.0/../../../../avr/lib/avr6\libm.a(unordsf2.o)
                0x00006902                __unordsf2
 .text.__cxa_pure_virtual
                0x0000690a        0x4 D:\Skole\H3\Controller\SmartHouse\SmartHouse\ArduinoCore\Debug\libArduinoCore.a(abi.o)
                0x0000690a                __cxa_pure_virtual
 .text._ZN14HardwareSerial9availableEv
                0x0000690e       0x18 D:\Skole\H3\Controller\SmartHouse\SmartHouse\ArduinoCore\Debug\libArduinoCore.a(HardwareSerial.o)
                0x0000690e                _ZN14HardwareSerial9availableEv
 .text._ZN14HardwareSerial4peekEv
                0x00006926       0x1c D:\Skole\H3\Controller\SmartHouse\SmartHouse\ArduinoCore\Debug\libArduinoCore.a(HardwareSerial.o)
                0x00006926                _ZN14HardwareSerial4peekEv
 .text._ZN14HardwareSerial4readEv
                0x00006942       0x28 D:\Skole\H3\Controller\SmartHouse\SmartHouse\ArduinoCore\Debug\libArduinoCore.a(HardwareSerial.o)
                0x00006942                _ZN14HardwareSerial4readEv
 .text._ZN14HardwareSerial17availableForWriteEv
                0x0000696a       0x1e D:\Skole\H3\Controller\SmartHouse\SmartHouse\ArduinoCore\Debug\libArduinoCore.a(HardwareSerial.o)
                0x0000696a                _ZN14HardwareSerial17availableForWriteEv
 .text._Z14serialEventRunv
                0x00006988       0x78 D:\Skole\H3\Controller\SmartHouse\SmartHouse\ArduinoCore\Debug\libArduinoCore.a(HardwareSerial.o)
                0x00006988                _Z14serialEventRunv
 .text._ZN14HardwareSerial17_tx_udr_empty_irqEv
                0x00006a00       0x44 D:\Skole\H3\Controller\SmartHouse\SmartHouse\ArduinoCore\Debug\libArduinoCore.a(HardwareSerial.o)
                0x00006a00                _ZN14HardwareSerial17_tx_udr_empty_irqEv
 .text._ZN14HardwareSerial5writeEh
                0x00006a44       0x98 D:\Skole\H3\Controller\SmartHouse\SmartHouse\ArduinoCore\Debug\libArduinoCore.a(HardwareSerial.o)
                0x00006a44                _ZN14HardwareSerial5writeEh
 .text._ZN14HardwareSerial5flushEv
                0x00006adc       0x42 D:\Skole\H3\Controller\SmartHouse\SmartHouse\ArduinoCore\Debug\libArduinoCore.a(HardwareSerial.o)
                0x00006adc                _ZN14HardwareSerial5flushEv
 .text._ZN14HardwareSerial5beginEmh
                0x00006b1e       0xca D:\Skole\H3\Controller\SmartHouse\SmartHouse\ArduinoCore\Debug\libArduinoCore.a(HardwareSerial.o)
                0x00006b1e                _ZN14HardwareSerial5beginEmh
 .text.__vector_25
                0x00006be8       0x6c D:\Skole\H3\Controller\SmartHouse\SmartHouse\ArduinoCore\Debug\libArduinoCore.a(HardwareSerial0.o)
                0x00006be8                __vector_25
 .text.__vector_26
                0x00006c54       0x52 D:\Skole\H3\Controller\SmartHouse\SmartHouse\ArduinoCore\Debug\libArduinoCore.a(HardwareSerial0.o)
                0x00006c54                __vector_26
 .text._Z17Serial0_availablev
                0x00006ca6       0x12 D:\Skole\H3\Controller\SmartHouse\SmartHouse\ArduinoCore\Debug\libArduinoCore.a(HardwareSerial0.o)
                0x00006ca6                _Z17Serial0_availablev
 .text.startup._GLOBAL__sub_I___vector_25
                0x00006cb8       0x5a D:\Skole\H3\Controller\SmartHouse\SmartHouse\ArduinoCore\Debug\libArduinoCore.a(HardwareSerial0.o)
 .text.__empty  0x00006d12        0x2 D:\Skole\H3\Controller\SmartHouse\SmartHouse\ArduinoCore\Debug\libArduinoCore.a(hooks.o)
                0x00006d12                yield
 .text.initVariant
                0x00006d14        0x2 D:\Skole\H3\Controller\SmartHouse\SmartHouse\ArduinoCore\Debug\libArduinoCore.a(main.o)
                0x00006d14                initVariant
 .text.startup.main
                0x00006d16       0x18 D:\Skole\H3\Controller\SmartHouse\SmartHouse\ArduinoCore\Debug\libArduinoCore.a(main.o)
                0x00006d16                main
 .text._ZdlPv   0x00006d2e        0x4 D:\Skole\H3\Controller\SmartHouse\SmartHouse\ArduinoCore\Debug\libArduinoCore.a(new.o)
                0x00006d2e                _ZdlPv
 .text._ZN5Print5writeEPKhj
                0x00006d32       0x54 D:\Skole\H3\Controller\SmartHouse\SmartHouse\ArduinoCore\Debug\libArduinoCore.a(Print.o)
                0x00006d32                _ZN5Print5writeEPKhj
 .text._ZN5Print5printERK6String
                0x00006d86       0x1c D:\Skole\H3\Controller\SmartHouse\SmartHouse\ArduinoCore\Debug\libArduinoCore.a(Print.o)
                0x00006d86                _ZN5Print5printERK6String
 .text.nothing  0x00006da2        0x2 D:\Skole\H3\Controller\SmartHouse\SmartHouse\ArduinoCore\Debug\libArduinoCore.a(WInterrupts.o)
 .text.attachInterrupt
                0x00006da4       0xe6 D:\Skole\H3\Controller\SmartHouse\SmartHouse\ArduinoCore\Debug\libArduinoCore.a(WInterrupts.o)
                0x00006da4                attachInterrupt
 .text.__vector_1
                0x00006e8a       0x56 D:\Skole\H3\Controller\SmartHouse\SmartHouse\ArduinoCore\Debug\libArduinoCore.a(WInterrupts.o)
                0x00006e8a                __vector_1
 .text.__vector_2
                0x00006ee0       0x56 D:\Skole\H3\Controller\SmartHouse\SmartHouse\ArduinoCore\Debug\libArduinoCore.a(WInterrupts.o)
                0x00006ee0                __vector_2
 .text.__vector_3
                0x00006f36       0x56 D:\Skole\H3\Controller\SmartHouse\SmartHouse\ArduinoCore\Debug\libArduinoCore.a(WInterrupts.o)
                0x00006f36                __vector_3
 .text.__vector_4
                0x00006f8c       0x56 D:\Skole\H3\Controller\SmartHouse\SmartHouse\ArduinoCore\Debug\libArduinoCore.a(WInterrupts.o)
                0x00006f8c                __vector_4
 .text.__vector_5
                0x00006fe2       0x56 D:\Skole\H3\Controller\SmartHouse\SmartHouse\ArduinoCore\Debug\libArduinoCore.a(WInterrupts.o)
                0x00006fe2                __vector_5
 .text.__vector_6
                0x00007038       0x56 D:\Skole\H3\Controller\SmartHouse\SmartHouse\ArduinoCore\Debug\libArduinoCore.a(WInterrupts.o)
                0x00007038                __vector_6
 .text.__vector_7
                0x0000708e       0x56 D:\Skole\H3\Controller\SmartHouse\SmartHouse\ArduinoCore\Debug\libArduinoCore.a(WInterrupts.o)
                0x0000708e                __vector_7
 .text.__vector_8
                0x000070e4       0x56 D:\Skole\H3\Controller\SmartHouse\SmartHouse\ArduinoCore\Debug\libArduinoCore.a(WInterrupts.o)
                0x000070e4                __vector_8
 .text.__vector_23
                0x0000713a       0x94 D:\Skole\H3\Controller\SmartHouse\SmartHouse\ArduinoCore\Debug\libArduinoCore.a(wiring.o)
                0x0000713a                __vector_23
 .text.millis   0x000071ce       0x18 D:\Skole\H3\Controller\SmartHouse\SmartHouse\ArduinoCore\Debug\libArduinoCore.a(wiring.o)
                0x000071ce                millis
 .text.micros   0x000071e6       0x4a D:\Skole\H3\Controller\SmartHouse\SmartHouse\ArduinoCore\Debug\libArduinoCore.a(wiring.o)
                0x000071e6                micros
 .text.delay    0x00007230       0x72 D:\Skole\H3\Controller\SmartHouse\SmartHouse\ArduinoCore\Debug\libArduinoCore.a(wiring.o)
                0x00007230                delay
 .text.delayMicroseconds
                0x000072a2       0x16 D:\Skole\H3\Controller\SmartHouse\SmartHouse\ArduinoCore\Debug\libArduinoCore.a(wiring.o)
                0x000072a2                delayMicroseconds
 .text.init     0x000072b8       0xc4 D:\Skole\H3\Controller\SmartHouse\SmartHouse\ArduinoCore\Debug\libArduinoCore.a(wiring.o)
                0x000072b8                init
 .text.analogRead
                0x0000737c       0x4a D:\Skole\H3\Controller\SmartHouse\SmartHouse\ArduinoCore\Debug\libArduinoCore.a(wiring_analog.o)
                0x0000737c                analogRead
 .text.analogWrite
                0x000073c6      0x18c D:\Skole\H3\Controller\SmartHouse\SmartHouse\ArduinoCore\Debug\libArduinoCore.a(wiring_analog.o)
                0x000073c6                analogWrite
 .text.turnOffPWM
                0x00007552       0xaa D:\Skole\H3\Controller\SmartHouse\SmartHouse\ArduinoCore\Debug\libArduinoCore.a(wiring_digital.o)
 .text.pinMode  0x000075fc       0x78 D:\Skole\H3\Controller\SmartHouse\SmartHouse\ArduinoCore\Debug\libArduinoCore.a(wiring_digital.o)
                0x000075fc                pinMode
 .text.digitalWrite
                0x00007674       0x5c D:\Skole\H3\Controller\SmartHouse\SmartHouse\ArduinoCore\Debug\libArduinoCore.a(wiring_digital.o)
                0x00007674                digitalWrite
 .text.digitalRead
                0x000076d0       0x50 D:\Skole\H3\Controller\SmartHouse\SmartHouse\ArduinoCore\Debug\libArduinoCore.a(wiring_digital.o)
                0x000076d0                digitalRead
 .text._Z3maplllll
                0x00007720       0x7e D:\Skole\H3\Controller\SmartHouse\SmartHouse\ArduinoCore\Debug\libArduinoCore.a(WMath.o)
                0x00007720                _Z3maplllll
 .text._ZNK6String14StringIfHelperEv
                0x0000779e        0x2 D:\Skole\H3\Controller\SmartHouse\SmartHouse\ArduinoCore\Debug\libArduinoCore.a(WString.o)
                0x0000779e                _ZNK6String14StringIfHelperEv
 .text._ZN6StringD2Ev
                0x000077a0        0xe D:\Skole\H3\Controller\SmartHouse\SmartHouse\ArduinoCore\Debug\libArduinoCore.a(WString.o)
                0x000077a0                _ZN6StringD2Ev
                0x000077a0                _ZN6StringD1Ev
 .text._ZN6String10invalidateEv
                0x000077ae       0x22 D:\Skole\H3\Controller\SmartHouse\SmartHouse\ArduinoCore\Debug\libArduinoCore.a(WString.o)
                0x000077ae                _ZN6String10invalidateEv
 .text._ZN6String12changeBufferEj
                0x000077d0       0x32 D:\Skole\H3\Controller\SmartHouse\SmartHouse\ArduinoCore\Debug\libArduinoCore.a(WString.o)
                0x000077d0                _ZN6String12changeBufferEj
 .text._ZN6String7reserveEj
                0x00007802       0x36 D:\Skole\H3\Controller\SmartHouse\SmartHouse\ArduinoCore\Debug\libArduinoCore.a(WString.o)
                0x00007802                _ZN6String7reserveEj
 .text._ZN6String4copyEPKcj
                0x00007838       0x3c D:\Skole\H3\Controller\SmartHouse\SmartHouse\ArduinoCore\Debug\libArduinoCore.a(WString.o)
                0x00007838                _ZN6String4copyEPKcj
 .text._ZN6StringC2EPKc
                0x00007874       0x28 D:\Skole\H3\Controller\SmartHouse\SmartHouse\ArduinoCore\Debug\libArduinoCore.a(WString.o)
                0x00007874                _ZN6StringC2EPKc
                0x00007874                _ZN6StringC1EPKc
 .text._ZN6String4moveERS_
                0x0000789c       0x76 D:\Skole\H3\Controller\SmartHouse\SmartHouse\ArduinoCore\Debug\libArduinoCore.a(WString.o)
                0x0000789c                _ZN6String4moveERS_
 .text._ZN6StringC2EOS_
                0x00007912       0x10 D:\Skole\H3\Controller\SmartHouse\SmartHouse\ArduinoCore\Debug\libArduinoCore.a(WString.o)
                0x00007912                _ZN6StringC1EOS_
                0x00007912                _ZN6StringC2EOS_
 .text._ZN6StringaSERKS_
                0x00007922       0x2a D:\Skole\H3\Controller\SmartHouse\SmartHouse\ArduinoCore\Debug\libArduinoCore.a(WString.o)
                0x00007922                _ZN6StringaSERKS_
 .text._ZN6StringC2ERKS_
                0x0000794c       0x10 D:\Skole\H3\Controller\SmartHouse\SmartHouse\ArduinoCore\Debug\libArduinoCore.a(WString.o)
                0x0000794c                _ZN6StringC2ERKS_
                0x0000794c                _ZN6StringC1ERKS_
 .text._ZN6StringaSEPKc
                0x0000795c       0x2a D:\Skole\H3\Controller\SmartHouse\SmartHouse\ArduinoCore\Debug\libArduinoCore.a(WString.o)
                0x0000795c                _ZN6StringaSEPKc
 .text._ZN6StringC2Ehh
                0x00007986       0x56 D:\Skole\H3\Controller\SmartHouse\SmartHouse\ArduinoCore\Debug\libArduinoCore.a(WString.o)
                0x00007986                _ZN6StringC2Ehh
                0x00007986                _ZN6StringC1Ehh
 .text._ZN6StringC2Elh
                0x000079dc       0x56 D:\Skole\H3\Controller\SmartHouse\SmartHouse\ArduinoCore\Debug\libArduinoCore.a(WString.o)
                0x000079dc                _ZN6StringC2Elh
                0x000079dc                _ZN6StringC1Elh
 .text._ZN6StringC2Efh
                0x00007a32       0x5c D:\Skole\H3\Controller\SmartHouse\SmartHouse\ArduinoCore\Debug\libArduinoCore.a(WString.o)
                0x00007a32                _ZN6StringC2Efh
                0x00007a32                _ZN6StringC1Efh
 .text._ZN6String6concatEPKcj
                0x00007a8e       0x58 D:\Skole\H3\Controller\SmartHouse\SmartHouse\ArduinoCore\Debug\libArduinoCore.a(WString.o)
                0x00007a8e                _ZN6String6concatEPKcj
 .text._ZN6String6concatERKS_
                0x00007ae6        0xc D:\Skole\H3\Controller\SmartHouse\SmartHouse\ArduinoCore\Debug\libArduinoCore.a(WString.o)
                0x00007ae6                _ZN6String6concatERKS_
 .text._ZN6String6concatEPKc
                0x00007af2       0x1c D:\Skole\H3\Controller\SmartHouse\SmartHouse\ArduinoCore\Debug\libArduinoCore.a(WString.o)
                0x00007af2                _ZN6String6concatEPKc
 .text._ZN6String6concatEh
                0x00007b0e       0x52 D:\Skole\H3\Controller\SmartHouse\SmartHouse\ArduinoCore\Debug\libArduinoCore.a(WString.o)
                0x00007b0e                _ZN6String6concatEh
 .text._ZN6String6concatEi
                0x00007b60       0x5c D:\Skole\H3\Controller\SmartHouse\SmartHouse\ArduinoCore\Debug\libArduinoCore.a(WString.o)
                0x00007b60                _ZN6String6concatEi
 .text._ZN6String6concatEj
                0x00007bbc       0x5c D:\Skole\H3\Controller\SmartHouse\SmartHouse\ArduinoCore\Debug\libArduinoCore.a(WString.o)
                0x00007bbc                _ZN6String6concatEj
 .text._ZNK6String9compareToERKS_
                0x00007c18       0x5e D:\Skole\H3\Controller\SmartHouse\SmartHouse\ArduinoCore\Debug\libArduinoCore.a(WString.o)
                0x00007c18                _ZNK6String9compareToERKS_
 .text._ZNK6String6equalsERKS_
                0x00007c76       0x20 D:\Skole\H3\Controller\SmartHouse\SmartHouse\ArduinoCore\Debug\libArduinoCore.a(WString.o)
                0x00007c76                _ZNK6String6equalsERKS_
 .text.libgcc.mul
                0x00007c96       0x1e d:/atmel/7.0/toolchain/avr8/avr8-gnu-toolchain/bin/../lib/gcc/avr/5.4.0/avr6\libgcc.a(_mulsi3.o)
                0x00007c96                __mulsi3
 .text.libgcc.div
                0x00007cb4       0x18 d:/atmel/7.0/toolchain/avr8/avr8-gnu-toolchain/bin/../lib/gcc/avr/5.4.0/avr6\libgcc.a(_udivmodqi4.o)
                0x00007cb4                __udivmodqi4
 .text.libgcc.div
                0x00007ccc       0x44 d:/atmel/7.0/toolchain/avr8/avr8-gnu-toolchain/bin/../lib/gcc/avr/5.4.0/avr6\libgcc.a(_udivmodsi4.o)
                0x00007ccc                __udivmodsi4
 .text.libgcc.div
                0x00007d10       0x28 d:/atmel/7.0/toolchain/avr8/avr8-gnu-toolchain/bin/../lib/gcc/avr/5.4.0/avr6\libgcc.a(_divmodsi4.o)
                0x00007d10                __divmodsi4
 .text.libgcc.div
                0x00007d38       0x10 d:/atmel/7.0/toolchain/avr8/avr8-gnu-toolchain/bin/../lib/gcc/avr/5.4.0/avr6\libgcc.a(_negsi2.o)
                0x00007d38                __negsi2
 .text.libgcc   0x00007d48       0x10 d:/atmel/7.0/toolchain/avr8/avr8-gnu-toolchain/bin/../lib/gcc/avr/5.4.0/avr6\libgcc.a(_tablejump2.o)
                0x00007d48                __tablejump2__
 .text.libgcc.mul
                0x00007d58       0x1e d:/atmel/7.0/toolchain/avr8/avr8-gnu-toolchain/bin/../lib/gcc/avr/5.4.0/avr6\libgcc.a(_umulhisi3.o)
                0x00007d58                __umulhisi3
 .text.libgcc.mul
                0x00007d76       0x14 d:/atmel/7.0/toolchain/avr8/avr8-gnu-toolchain/bin/../lib/gcc/avr/5.4.0/avr6\libgcc.a(_muluhisi3.o)
                0x00007d76                __muluhisi3
 .text.avr-libc
                0x00007d8a       0x3e d:/atmel/7.0/toolchain/avr8/avr8-gnu-toolchain/bin/../lib/gcc/avr/5.4.0/../../../../avr/lib/avr6\libc.a(dtostrf.o)
                0x00007d8a                dtostrf
 .text.avr-libc
                0x00007dc8      0x242 d:/atmel/7.0/toolchain/avr8/avr8-gnu-toolchain/bin/../lib/gcc/avr/5.4.0/../../../../avr/lib/avr6\libc.a(malloc.o)
                0x00007dc8                malloc
                0x00007ef8                free
 .text.avr-libc
                0x0000800a      0x1c0 d:/atmel/7.0/toolchain/avr8/avr8-gnu-toolchain/bin/../lib/gcc/avr/5.4.0/../../../../avr/lib/avr6\libc.a(realloc.o)
                0x0000800a                realloc
 .text.avr-libc
                0x000081ca        0x8 d:/atmel/7.0/toolchain/avr8/avr8-gnu-toolchain/bin/../lib/gcc/avr/5.4.0/../../../../avr/lib/avr6\libc.a(abort.o)
                0x000081ca                abort
 .text.avr-libc
                0x000081d2       0x12 d:/atmel/7.0/toolchain/avr8/avr8-gnu-toolchain/bin/../lib/gcc/avr/5.4.0/../../../../avr/lib/avr6\libc.a(memcpy.o)
                0x000081d2                memcpy
 .text.avr-libc
                0x000081e4        0xe d:/atmel/7.0/toolchain/avr8/avr8-gnu-toolchain/bin/../lib/gcc/avr/5.4.0/../../../../avr/lib/avr6\libc.a(memset.o)
                0x000081e4                memset
 .text.avr-libc
                0x000081f2       0x12 d:/atmel/7.0/toolchain/avr8/avr8-gnu-toolchain/bin/../lib/gcc/avr/5.4.0/../../../../avr/lib/avr6\libc.a(strcmp.o)
                0x000081f2                strcmp
 .text.avr-libc
                0x00008204        0xe d:/atmel/7.0/toolchain/avr8/avr8-gnu-toolchain/bin/../lib/gcc/avr/5.4.0/../../../../avr/lib/avr6\libc.a(strcpy.o)
                0x00008204                strcpy
 .text.avr-libc
                0x00008212       0x1e d:/atmel/7.0/toolchain/avr8/avr8-gnu-toolchain/bin/../lib/gcc/avr/5.4.0/../../../../avr/lib/avr6\libc.a(strncpy.o)
                0x00008212                strncpy
 .text.avr-libc
                0x00008230       0x14 d:/atmel/7.0/toolchain/avr8/avr8-gnu-toolchain/bin/../lib/gcc/avr/5.4.0/../../../../avr/lib/avr6\libc.a(itoa_ncheck.o)
                0x00008230                __itoa_ncheck
 .text.avr-libc
                0x00008244       0x14 d:/atmel/7.0/toolchain/avr8/avr8-gnu-toolchain/bin/../lib/gcc/avr/5.4.0/../../../../avr/lib/avr6\libc.a(ltoa.o)
                0x00008244                ltoa
                0x00008244                __ltoa
 .text.avr-libc
                0x00008258       0x1c d:/atmel/7.0/toolchain/avr8/avr8-gnu-toolchain/bin/../lib/gcc/avr/5.4.0/../../../../avr/lib/avr6\libc.a(ltoa_ncheck.o)
                0x00008258                __ltoa_ncheck
 .text.avr-libc
                0x00008274       0x42 d:/atmel/7.0/toolchain/avr8/avr8-gnu-toolchain/bin/../lib/gcc/avr/5.4.0/../../../../avr/lib/avr6\libc.a(ultoa_ncheck.o)
                0x00008274                __ultoa_ncheck
                0x00008276                __ultoa_common
 .text.avr-libc
                0x000082b6       0x14 d:/atmel/7.0/toolchain/avr8/avr8-gnu-toolchain/bin/../lib/gcc/avr/5.4.0/../../../../avr/lib/avr6\libc.a(utoa.o)
                0x000082b6                __utoa
                0x000082b6                utoa
 .text.avr-libc
                0x000082ca       0x32 d:/atmel/7.0/toolchain/avr8/avr8-gnu-toolchain/bin/../lib/gcc/avr/5.4.0/../../../../avr/lib/avr6\libc.a(utoa_ncheck.o)
                0x000082ca                __utoa_ncheck
                0x000082cc                __utoa_common
 .text.avr-libc
                0x000082fc      0x2ec d:/atmel/7.0/toolchain/avr8/avr8-gnu-toolchain/bin/../lib/gcc/avr/5.4.0/../../../../avr/lib/avr6\libc.a(dtoa_prf.o)
                0x000082fc                dtoa_prf
 .text.avr-libc
                0x000085e8      0x1b0 d:/atmel/7.0/toolchain/avr8/avr8-gnu-toolchain/bin/../lib/gcc/avr/5.4.0/../../../../avr/lib/avr6\libc.a(ftoa_engine.o)
                0x000085e8                __ftoa_engine
 .text.avr-libc
                0x00008798       0x20 d:/atmel/7.0/toolchain/avr8/avr8-gnu-toolchain/bin/../lib/gcc/avr/5.4.0/../../../../avr/lib/avr6\libc.a(strrev.o)
                0x00008798                strrev
                0x000087b8                . = ALIGN (0x2)
 *(.fini9)
 .fini9         0x000087b8        0x0 d:/atmel/7.0/toolchain/avr8/avr8-gnu-toolchain/bin/../lib/gcc/avr/5.4.0/avr6\libgcc.a(_exit.o)
                0x000087b8                _exit
                0x000087b8                exit
 *(.fini9)
 *(.fini8)
 *(.fini8)
 *(.fini7)
 *(.fini7)
 *(.fini6)
 .fini6         0x000087b8       0x1e d:/atmel/7.0/toolchain/avr8/avr8-gnu-toolchain/bin/../lib/gcc/avr/5.4.0/avr6\libgcc.a(_dtors.o)
                0x000087b8                __do_global_dtors
 *(.fini6)
 *(.fini5)
 *(.fini5)
 *(.fini4)
 *(.fini4)
 *(.fini3)
 *(.fini3)
 *(.fini2)
 *(.fini2)
 *(.fini1)
 *(.fini1)
 *(.fini0)
 .fini0         0x000087d6        0x4 d:/atmel/7.0/toolchain/avr8/avr8-gnu-toolchain/bin/../lib/gcc/avr/5.4.0/avr6\libgcc.a(_exit.o)
 *(.fini0)
                0x000087da                _etext = .

.data           0x00800200      0x1f4 load address 0x000087da
                0x00800200                PROVIDE (__data_start, .)
 *(.data)
 .data          0x00800200        0x6 d:/atmel/7.0/toolchain/avr8/avr8-gnu-toolchain/bin/../lib/gcc/avr/5.4.0/../../../../avr/lib/avr6\libc.a(malloc.o)
                0x00800200                __malloc_heap_end
                0x00800202                __malloc_heap_start
                0x00800204                __malloc_margin
 *(.data*)
 .data.colPins  0x00800206        0x4 KeypadSystem/KeypadSystem.o
                0x00800206                colPins
 .data.rowPins  0x0080020a        0x4 KeypadSystem/KeypadSystem.o
                0x0080020a                rowPins
 .data.keys     0x0080020e       0x10 KeypadSystem/KeypadSystem.o
                0x0080020e                keys
 .data.blindsMaxDown
                0x0080021e        0x2 main.o
                0x0080021e                blindsMaxDown
 .data.blindsAt
                0x00800220        0x2 main.o
                0x00800220                blindsAt
 .data.blindsTarget
                0x00800222        0x2 main.o
                0x00800222                blindsTarget
 .data.showClock
                0x00800224        0x1 main.o
                0x00800224                showClock
 .data.allLEDs  0x00800225        0xe main.o
                0x00800225                allLEDs
 .data.customCharSpin4
                0x00800233        0x8 main.o
                0x00800233                customCharSpin4
 .data.customCharSpin3
                0x0080023b        0x8 main.o
                0x0080023b                customCharSpin3
 .data.customCharSpin2
                0x00800243        0x8 main.o
                0x00800243                customCharSpin2
 .data.customCharSpin1
                0x0080024b        0x8 main.o
                0x0080024b                customCharSpin1
 .data.customClosedDoor
                0x00800253        0x8 main.o
                0x00800253                customClosedDoor
 .data.customOpenDoor
                0x0080025b        0x8 main.o
                0x0080025b                customOpenDoor
 .data.menuItemChosen
                0x00800263        0x2 MenuSystem/MenuSystem.o
                0x00800263                menuItemChosen
 .data.numberOfItems
                0x00800265        0x2 MenuSystem/MenuSystem.o
                0x00800265                numberOfItems
 .data.intFunc  0x00800267       0x10 D:\Skole\H3\Controller\SmartHouse\SmartHouse\ArduinoCore\Debug\libArduinoCore.a(WInterrupts.o)
 .data.analog_reference
                0x00800277        0x1 D:\Skole\H3\Controller\SmartHouse\SmartHouse\ArduinoCore\Debug\libArduinoCore.a(wiring_analog.o)
                0x00800277                analog_reference
 *(.gnu.linkonce.d*)
 *(.rodata)
 *(.rodata*)
 .rodata.str1.1
                0x00800278        0x4 AtomicClock/AtomicClock.o
                                  0x5 (size before relaxing)
 .rodata.str1.1
                0x0080027c        0x6 DHT11/OwnDHT11.o
                                  0x7 (size before relaxing)
 .rodata.str1.1
                0x00800282        0x1 KeypadSystem/KeypadSystem.o
 .rodata.str1.1
                0x00800282       0x44 main.o
                                 0x4b (size before relaxing)
 .rodata.str1.1
                0x008002c6       0x58 MenuSystem/MenuSystem.o
                                 0x5a (size before relaxing)
 .rodata.str1.1
                0x0080031e        0x1 RFScanner/RRScanner.o
 .rodata._ZTV12Adafruit_GFX
                0x0080031e       0x2c src/libraries/Adafruit_GFX_Library/Adafruit_GFX.o
                0x0080031e                _ZTV12Adafruit_GFX
 .rodata._ZTV16Adafruit_SSD1306
                0x0080034a       0x2c src/libraries/Adafruit_SSD1306/Adafruit_SSD1306.o
                0x0080034a                _ZTV16Adafruit_SSD1306
 .rodata.str1.1
                0x00800376       0x1d src/libraries/DHT_sensor_library/DHT_U.o
 .rodata._ZTVN11DHT_Unified11TemperatureE
                0x00800393        0xe src/libraries/DHT_sensor_library/DHT_U.o
                0x00800393                _ZTVN11DHT_Unified11TemperatureE
 .rodata._ZTVN11DHT_Unified8HumidityE
                0x008003a1        0xe src/libraries/DHT_sensor_library/DHT_U.o
                0x008003a1                _ZTVN11DHT_Unified8HumidityE
 .rodata._ZTV6Keypad
                0x008003af        0xa src/libraries/Keypad/src/Keypad.o
                0x008003af                _ZTV6Keypad
 .rodata._ZTV13LiquidCrystal
                0x008003b9        0xc src/libraries/LiquidCrystal/src/LiquidCrystal.o
                0x008003b9                _ZTV13LiquidCrystal
 .rodata._ZTV7MFRC522
                0x008003c5        0xa src/libraries/MFRC522/src/MFRC522.o
                0x008003c5                _ZTV7MFRC522
 .rodata._ZTV7TwoWire
                0x008003cf       0x12 src/libraries/Wire/src/Wire.o
                0x008003cf                _ZTV7TwoWire
 .rodata._ZTV14HardwareSerial
                0x008003e1       0x12 D:\Skole\H3\Controller\SmartHouse\SmartHouse\ArduinoCore\Debug\libArduinoCore.a(HardwareSerial.o)
                0x008003e1                _ZTV14HardwareSerial
 *(.gnu.linkonce.r*)
                0x008003f4                . = ALIGN (0x2)
 *fill*         0x008003f3        0x1 
                0x008003f4                _edata = .
                0x008003f4                PROVIDE (__data_end, .)

.bss            0x008003f4      0x349
                0x008003f4                PROVIDE (__bss_start, .)
 *(.bss)
 *(.bss*)
 .bss.keypadString
                0x008003f4        0x6 KeypadSystem/KeypadSystem.o
                0x008003f4                keypadString
 .bss.keypad    0x008003fa       0x64 KeypadSystem/KeypadSystem.o
                0x008003fa                keypad
 .bss.blindsMover
                0x0080045e        0x4 main.o
                0x0080045e                blindsMover
 .bss.lastBlindsMove
                0x00800462        0x4 main.o
                0x00800462                lastBlindsMove
 .bss.display   0x00800466       0x40 main.o
                0x00800466                display
 .bss.showClockDelay
                0x008004a6        0x4 main.o
                0x008004a6                showClockDelay
 .bss.key       0x008004aa        0x6 main.o
                0x008004aa                key
 .bss.AprovedCard
                0x008004b0        0x6 main.o
                0x008004b0                AprovedCard
 .bss.mfrc522   0x008004b6       0x10 main.o
                0x008004b6                mfrc522
 .bss.LED_Lock_Level
                0x008004c6        0x2 main.o
                0x008004c6                LED_Lock_Level
 .bss.lcd       0x008004c8       0x18 main.o
                0x008004c8                lcd
 .bss.myservo   0x008004e0        0x3 main.o
                0x008004e0                myservo
 .bss.lastDoorState
                0x008004e3        0x4 main.o
                0x008004e3                lastDoorState
 .bss.isDoorClosed
                0x008004e7        0x1 main.o
                0x008004e7                isDoorClosed
 .bss.doorState
                0x008004e8        0x1 main.o
                0x008004e8                doorState
 .bss.doorLocked
                0x008004e9        0x1 main.o
                0x008004e9                doorLocked
 .bss.dht       0x008004ea       0x26 main.o
                0x008004ea                dht
 .bss.lastParty
                0x00800510        0x2 main.o
                0x00800510                lastParty
 .bss.Party     0x00800512        0x1 MenuSystem/MenuSystem.o
                0x00800512                Party
 .bss.InMenuItem
                0x00800513        0x1 MenuSystem/MenuSystem.o
                0x00800513                InMenuItem
 .bss.menuItemAtIndex
                0x00800514        0x2 MenuSystem/MenuSystem.o
                0x00800514                menuItemAtIndex
 .bss.menuItems
                0x00800516       0x18 MenuSystem/MenuSystem.o
                0x00800516                menuItems
 .bss.ServoCount
                0x0080052e        0x1 src/libraries/Servo/src/avr/Servo.o
                0x0080052e                ServoCount
 .bss._ZL7Channel
                0x0080052f        0x4 src/libraries/Servo/src/avr/Servo.o
 .bss._ZL6servos
                0x00800533       0x90 src/libraries/Servo/src/avr/Servo.o
 .bss._ZN8SPIClass13interruptSaveE
                0x008005c3        0x1 src/libraries/SPI/src/SPI.o
                0x008005c3                _ZN8SPIClass13interruptSaveE
 .bss._ZN8SPIClass13interruptMaskE
                0x008005c4        0x1 src/libraries/SPI/src/SPI.o
                0x008005c4                _ZN8SPIClass13interruptMaskE
 .bss._ZN8SPIClass13interruptModeE
                0x008005c5        0x1 src/libraries/SPI/src/SPI.o
                0x008005c5                _ZN8SPIClass13interruptModeE
 .bss._ZN8SPIClass11initializedE
                0x008005c6        0x1 src/libraries/SPI/src/SPI.o
                0x008005c6                _ZN8SPIClass11initializedE
 .bss._ZN8TimerOne11isrCallbackE
                0x008005c7        0x2 src/libraries/TimerOne/TimerOne.o
                0x008005c7                _ZN8TimerOne11isrCallbackE
 .bss.twi_error
                0x008005c9        0x1 src/libraries/Wire/src/utility/twi.o
 .bss.twi_rxBufferIndex
                0x008005ca        0x1 src/libraries/Wire/src/utility/twi.o
 .bss.twi_rxBuffer
                0x008005cb       0x20 src/libraries/Wire/src/utility/twi.o
 .bss.twi_txBufferLength
                0x008005eb        0x1 src/libraries/Wire/src/utility/twi.o
 .bss.twi_txBufferIndex
                0x008005ec        0x1 src/libraries/Wire/src/utility/twi.o
 .bss.twi_txBuffer
                0x008005ed       0x20 src/libraries/Wire/src/utility/twi.o
 .bss.twi_masterBufferLength
                0x0080060d        0x1 src/libraries/Wire/src/utility/twi.o
 .bss.twi_masterBufferIndex
                0x0080060e        0x1 src/libraries/Wire/src/utility/twi.o
 .bss.twi_masterBuffer
                0x0080060f       0x20 src/libraries/Wire/src/utility/twi.o
 .bss.twi_onSlaveReceive
                0x0080062f        0x2 src/libraries/Wire/src/utility/twi.o
 .bss.twi_onSlaveTransmit
                0x00800631        0x2 src/libraries/Wire/src/utility/twi.o
 .bss.twi_do_reset_on_timeout
                0x00800633        0x1 src/libraries/Wire/src/utility/twi.o
 .bss.twi_timed_out_flag
                0x00800634        0x1 src/libraries/Wire/src/utility/twi.o
 .bss.twi_timeout_us
                0x00800635        0x4 src/libraries/Wire/src/utility/twi.o
 .bss.twi_inRepStart
                0x00800639        0x1 src/libraries/Wire/src/utility/twi.o
 .bss.twi_sendStop
                0x0080063a        0x1 src/libraries/Wire/src/utility/twi.o
 .bss.twi_slarw
                0x0080063b        0x1 src/libraries/Wire/src/utility/twi.o
 .bss.twi_state
                0x0080063c        0x1 src/libraries/Wire/src/utility/twi.o
 .bss.Wire      0x0080063d        0xc src/libraries/Wire/src/Wire.o
                0x0080063d                Wire
 .bss._ZN7TwoWire14user_onReceiveE
                0x00800649        0x2 src/libraries/Wire/src/Wire.o
                0x00800649                _ZN7TwoWire14user_onReceiveE
 .bss._ZN7TwoWire14user_onRequestE
                0x0080064b        0x2 src/libraries/Wire/src/Wire.o
                0x0080064b                _ZN7TwoWire14user_onRequestE
 .bss._ZN7TwoWire12transmittingE
                0x0080064d        0x1 src/libraries/Wire/src/Wire.o
                0x0080064d                _ZN7TwoWire12transmittingE
 .bss._ZN7TwoWire14txBufferLengthE
                0x0080064e        0x1 src/libraries/Wire/src/Wire.o
                0x0080064e                _ZN7TwoWire14txBufferLengthE
 .bss._ZN7TwoWire13txBufferIndexE
                0x0080064f        0x1 src/libraries/Wire/src/Wire.o
                0x0080064f                _ZN7TwoWire13txBufferIndexE
 .bss._ZN7TwoWire8txBufferE
                0x00800650       0x20 src/libraries/Wire/src/Wire.o
                0x00800650                _ZN7TwoWire8txBufferE
 .bss._ZN7TwoWire9txAddressE
                0x00800670        0x1 src/libraries/Wire/src/Wire.o
                0x00800670                _ZN7TwoWire9txAddressE
 .bss._ZN7TwoWire14rxBufferLengthE
                0x00800671        0x1 src/libraries/Wire/src/Wire.o
                0x00800671                _ZN7TwoWire14rxBufferLengthE
 .bss._ZN7TwoWire13rxBufferIndexE
                0x00800672        0x1 src/libraries/Wire/src/Wire.o
                0x00800672                _ZN7TwoWire13rxBufferIndexE
 .bss._ZN7TwoWire8rxBufferE
                0x00800673       0x20 src/libraries/Wire/src/Wire.o
                0x00800673                _ZN7TwoWire8rxBufferE
 .bss.Serial    0x00800693       0x9d D:\Skole\H3\Controller\SmartHouse\SmartHouse\ArduinoCore\Debug\libArduinoCore.a(HardwareSerial0.o)
                0x00800693                Serial
 .bss.timer0_fract
                0x00800730        0x1 D:\Skole\H3\Controller\SmartHouse\SmartHouse\ArduinoCore\Debug\libArduinoCore.a(wiring.o)
 .bss.timer0_millis
                0x00800731        0x4 D:\Skole\H3\Controller\SmartHouse\SmartHouse\ArduinoCore\Debug\libArduinoCore.a(wiring.o)
                0x00800731                timer0_millis
 .bss.timer0_overflow_count
                0x00800735        0x4 D:\Skole\H3\Controller\SmartHouse\SmartHouse\ArduinoCore\Debug\libArduinoCore.a(wiring.o)
                0x00800735                timer0_overflow_count
 *(COMMON)
 COMMON         0x00800739        0x4 d:/atmel/7.0/toolchain/avr8/avr8-gnu-toolchain/bin/../lib/gcc/avr/5.4.0/../../../../avr/lib/avr6\libc.a(malloc.o)
                0x00800739                __brkval
                0x0080073b                __flp
                0x0080073d                PROVIDE (__bss_end, .)
                0x000087da                __data_load_start = LOADADDR (.data)
                0x000089ce                __data_load_end = (__data_load_start + SIZEOF (.data))

.noinit         0x0080073d        0x0
                [!provide]                PROVIDE (__noinit_start, .)
 *(.noinit*)
                [!provide]                PROVIDE (__noinit_end, .)
                0x0080073d                _end = .
                0x0080073d                PROVIDE (__heap_start, .)

.eeprom         0x00810000        0x0
 *(.eeprom*)
                0x00810000                __eeprom_end = .

.fuse
 *(.fuse)
 *(.lfuse)
 *(.hfuse)
 *(.efuse)

.lock
 *(.lock*)

.signature
 *(.signature*)

.user_signatures
 *(.user_signatures*)

.stab
 *(.stab)

.stabstr
 *(.stabstr)

.stab.excl
 *(.stab.excl)

.stab.exclstr
 *(.stab.exclstr)

.stab.index
 *(.stab.index)

.stab.indexstr
 *(.stab.indexstr)

.comment        0x00000000       0x30
 *(.comment)
 .comment       0x00000000       0x30 AtomicClock/AtomicClock.o
                                 0x31 (size before relaxing)
 .comment       0x00000030       0x31 DHT11/OwnDHT11.o
 .comment       0x00000030       0x31 DisplayOnLC/DisplayOnLC.o
 .comment       0x00000030       0x31 KeypadSystem/KeypadSystem.o
 .comment       0x00000030       0x31 main.o
 .comment       0x00000030       0x31 MenuSystem/MenuSystem.o
 .comment       0x00000030       0x31 OLED/DisplayOnOLED.o
 .comment       0x00000030       0x31 RFScanner/RRScanner.o
 .comment       0x00000030       0x31 src/libraries/Adafruit_BusIO/Adafruit_SPIDevice.o
 .comment       0x00000030       0x31 src/libraries/Adafruit_GFX_Library/Adafruit_GFX.o
 .comment       0x00000030       0x31 src/libraries/Adafruit_SSD1306/Adafruit_SSD1306.o
 .comment       0x00000030       0x31 src/libraries/DHT_sensor_library/DHT.o
 .comment       0x00000030       0x31 src/libraries/DHT_sensor_library/DHT_U.o
 .comment       0x00000030       0x31 src/libraries/DS3231/DS3231.o
 .comment       0x00000030       0x31 src/libraries/Keypad/src/Key.o
 .comment       0x00000030       0x31 src/libraries/Keypad/src/Keypad.o
 .comment       0x00000030       0x31 src/libraries/LiquidCrystal/src/LiquidCrystal.o
 .comment       0x00000030       0x31 src/libraries/MFRC522/src/MFRC522.o
 .comment       0x00000030       0x31 src/libraries/Servo/src/avr/Servo.o
 .comment       0x00000030       0x31 src/libraries/SPI/src/SPI.o
 .comment       0x00000030       0x31 src/libraries/TimerOne/TimerOne.o
 .comment       0x00000030       0x31 src/libraries/Wire/src/utility/twi.o
 .comment       0x00000030       0x31 src/libraries/Wire/src/Wire.o
 .comment       0x00000030       0x31 D:\Skole\H3\Controller\SmartHouse\SmartHouse\ArduinoCore\Debug\libArduinoCore.a(abi.o)
 .comment       0x00000030       0x31 D:\Skole\H3\Controller\SmartHouse\SmartHouse\ArduinoCore\Debug\libArduinoCore.a(HardwareSerial.o)
 .comment       0x00000030       0x31 D:\Skole\H3\Controller\SmartHouse\SmartHouse\ArduinoCore\Debug\libArduinoCore.a(HardwareSerial0.o)
 .comment       0x00000030       0x31 D:\Skole\H3\Controller\SmartHouse\SmartHouse\ArduinoCore\Debug\libArduinoCore.a(hooks.o)
 .comment       0x00000030       0x31 D:\Skole\H3\Controller\SmartHouse\SmartHouse\ArduinoCore\Debug\libArduinoCore.a(main.o)
 .comment       0x00000030       0x31 D:\Skole\H3\Controller\SmartHouse\SmartHouse\ArduinoCore\Debug\libArduinoCore.a(new.o)
 .comment       0x00000030       0x31 D:\Skole\H3\Controller\SmartHouse\SmartHouse\ArduinoCore\Debug\libArduinoCore.a(Print.o)
 .comment       0x00000030       0x31 D:\Skole\H3\Controller\SmartHouse\SmartHouse\ArduinoCore\Debug\libArduinoCore.a(WInterrupts.o)
 .comment       0x00000030       0x31 D:\Skole\H3\Controller\SmartHouse\SmartHouse\ArduinoCore\Debug\libArduinoCore.a(wiring.o)
 .comment       0x00000030       0x31 D:\Skole\H3\Controller\SmartHouse\SmartHouse\ArduinoCore\Debug\libArduinoCore.a(wiring_analog.o)
 .comment       0x00000030       0x31 D:\Skole\H3\Controller\SmartHouse\SmartHouse\ArduinoCore\Debug\libArduinoCore.a(wiring_digital.o)
 .comment       0x00000030       0x31 D:\Skole\H3\Controller\SmartHouse\SmartHouse\ArduinoCore\Debug\libArduinoCore.a(WMath.o)
 .comment       0x00000030       0x31 D:\Skole\H3\Controller\SmartHouse\SmartHouse\ArduinoCore\Debug\libArduinoCore.a(WString.o)
 .comment       0x00000030       0x31 d:/atmel/7.0/toolchain/avr8/avr8-gnu-toolchain/bin/../lib/gcc/avr/5.4.0/../../../../avr/lib/avr6\libc.a(dtostrf.o)
 .comment       0x00000030       0x31 d:/atmel/7.0/toolchain/avr8/avr8-gnu-toolchain/bin/../lib/gcc/avr/5.4.0/../../../../avr/lib/avr6\libc.a(malloc.o)
 .comment       0x00000030       0x31 d:/atmel/7.0/toolchain/avr8/avr8-gnu-toolchain/bin/../lib/gcc/avr/5.4.0/../../../../avr/lib/avr6\libc.a(realloc.o)
 .comment       0x00000030       0x31 d:/atmel/7.0/toolchain/avr8/avr8-gnu-toolchain/bin/../lib/gcc/avr/5.4.0/../../../../avr/lib/avr6\libc.a(dtoa_prf.o)

.note.gnu.avr.deviceinfo
                0x00000000       0x40
 .note.gnu.avr.deviceinfo
                0x00000000       0x40 D:/Atmel/7.0/Packs/atmel/ATmega_DFP/1.6.364/gcc/dev/atmega2560/avr6/crtatmega2560.o

.note.gnu.build-id
 *(.note.gnu.build-id)

.debug
 *(.debug)

.line
 *(.line)

.debug_srcinfo
 *(.debug_srcinfo)

.debug_sfnames
 *(.debug_sfnames)

.debug_aranges  0x00000000     0x15b8
 *(.debug_aranges)
 .debug_aranges
                0x00000000       0x30 AtomicClock/AtomicClock.o
 .debug_aranges
                0x00000030       0x30 DHT11/OwnDHT11.o
 .debug_aranges
                0x00000060       0x20 DisplayOnLC/DisplayOnLC.o
 .debug_aranges
                0x00000080       0x38 KeypadSystem/KeypadSystem.o
 .debug_aranges
                0x000000b8       0xb0 main.o
 .debug_aranges
                0x00000168       0x50 MenuSystem/MenuSystem.o
 .debug_aranges
                0x000001b8       0x20 OLED/DisplayOnOLED.o
 .debug_aranges
                0x000001d8       0x20 RFScanner/RRScanner.o
 .debug_aranges
                0x000001f8       0x88 src/libraries/Adafruit_BusIO/Adafruit_SPIDevice.o
 .debug_aranges
                0x00000280      0x2d8 src/libraries/Adafruit_GFX_Library/Adafruit_GFX.o
 .debug_aranges
                0x00000558      0x118 src/libraries/Adafruit_SSD1306/Adafruit_SSD1306.o
 .debug_aranges
                0x00000670       0x68 src/libraries/DHT_sensor_library/DHT.o
 .debug_aranges
                0x000006d8       0x90 src/libraries/DHT_sensor_library/DHT_U.o
 .debug_aranges
                0x00000768      0x150 src/libraries/DS3231/DS3231.o
 .debug_aranges
                0x000008b8       0x30 src/libraries/Keypad/src/Key.o
 .debug_aranges
                0x000008e8       0xc0 src/libraries/Keypad/src/Keypad.o
 .debug_aranges
                0x000009a8      0x110 src/libraries/LiquidCrystal/src/LiquidCrystal.o
 .debug_aranges
                0x00000ab8      0x208 src/libraries/MFRC522/src/MFRC522.o
 .debug_aranges
                0x00000cc0       0x88 src/libraries/Servo/src/avr/Servo.o
 .debug_aranges
                0x00000d48       0x38 src/libraries/SPI/src/SPI.o
 .debug_aranges
                0x00000d80       0x20 src/libraries/TimerOne/TimerOne.o
 .debug_aranges
                0x00000da0       0x98 src/libraries/Wire/src/utility/twi.o
 .debug_aranges
                0x00000e38      0x110 src/libraries/Wire/src/Wire.o
 .debug_aranges
                0x00000f48       0x20 D:\Skole\H3\Controller\SmartHouse\SmartHouse\ArduinoCore\Debug\libArduinoCore.a(abi.o)
 .debug_aranges
                0x00000f68       0x68 D:\Skole\H3\Controller\SmartHouse\SmartHouse\ArduinoCore\Debug\libArduinoCore.a(HardwareSerial.o)
 .debug_aranges
                0x00000fd0       0x48 D:\Skole\H3\Controller\SmartHouse\SmartHouse\ArduinoCore\Debug\libArduinoCore.a(HardwareSerial0.o)
 .debug_aranges
                0x00001018       0x20 D:\Skole\H3\Controller\SmartHouse\SmartHouse\ArduinoCore\Debug\libArduinoCore.a(hooks.o)
 .debug_aranges
                0x00001038       0x30 D:\Skole\H3\Controller\SmartHouse\SmartHouse\ArduinoCore\Debug\libArduinoCore.a(main.o)
 .debug_aranges
                0x00001068       0x30 D:\Skole\H3\Controller\SmartHouse\SmartHouse\ArduinoCore\Debug\libArduinoCore.a(new.o)
 .debug_aranges
                0x00001098      0x100 D:\Skole\H3\Controller\SmartHouse\SmartHouse\ArduinoCore\Debug\libArduinoCore.a(Print.o)
 .debug_aranges
                0x00001198       0x70 D:\Skole\H3\Controller\SmartHouse\SmartHouse\ArduinoCore\Debug\libArduinoCore.a(WInterrupts.o)
 .debug_aranges
                0x00001208       0x48 D:\Skole\H3\Controller\SmartHouse\SmartHouse\ArduinoCore\Debug\libArduinoCore.a(wiring.o)
 .debug_aranges
                0x00001250       0x30 D:\Skole\H3\Controller\SmartHouse\SmartHouse\ArduinoCore\Debug\libArduinoCore.a(wiring_analog.o)
 .debug_aranges
                0x00001280       0x38 D:\Skole\H3\Controller\SmartHouse\SmartHouse\ArduinoCore\Debug\libArduinoCore.a(wiring_digital.o)
 .debug_aranges
                0x000012b8       0x48 D:\Skole\H3\Controller\SmartHouse\SmartHouse\ArduinoCore\Debug\libArduinoCore.a(WMath.o)
 .debug_aranges
                0x00001300      0x2b8 D:\Skole\H3\Controller\SmartHouse\SmartHouse\ArduinoCore\Debug\libArduinoCore.a(WString.o)

.debug_pubnames
 *(.debug_pubnames)

.debug_info     0x00000000    0x38e2f
 *(.debug_info .gnu.linkonce.wi.*)
 .debug_info    0x00000000      0xbbc D:/Atmel/7.0/Packs/atmel/ATmega_DFP/1.6.364/gcc/dev/atmega2560/avr6/crtatmega2560.o
 .debug_info    0x00000bbc     0x1a23 AtomicClock/AtomicClock.o
 .debug_info    0x000025df     0x208a DHT11/OwnDHT11.o
 .debug_info    0x00004669     0x12dc DisplayOnLC/DisplayOnLC.o
 .debug_info    0x00005945     0x1a21 KeypadSystem/KeypadSystem.o
 .debug_info    0x00007366     0x3665 main.o
 .debug_info    0x0000a9cb     0x1af2 MenuSystem/MenuSystem.o
 .debug_info    0x0000c4bd     0x13fb OLED/DisplayOnOLED.o
 .debug_info    0x0000d8b8     0x1518 RFScanner/RRScanner.o
 .debug_info    0x0000edd0     0x1664 src/libraries/Adafruit_BusIO/Adafruit_SPIDevice.o
 .debug_info    0x00010434     0x87f2 src/libraries/Adafruit_GFX_Library/Adafruit_GFX.o
 .debug_info    0x00018c26     0x2d77 src/libraries/Adafruit_SSD1306/Adafruit_SSD1306.o
 .debug_info    0x0001b99d      0xd61 src/libraries/DHT_sensor_library/DHT.o
 .debug_info    0x0001c6fe     0x12cf src/libraries/DHT_sensor_library/DHT_U.o